T20B8 000:002.477   SEGGER J-Link V9.42 Log File
T20B8 000:002.623   DLL Compiled: May  6 2026 12:25:27
T20B8 000:002.630   Logging started @ 2026-09-30 12:40
T20B8 000:002.635   Process: C:\Users\skull\.eclipse\com.renesas.platform_1584587709\DebugComp\RA\e2-server-gdb.exe
T20B8 000:002.645 - 2.640ms 
T20B8 000:002.661 JLINK_GetDLLVersion()
T20B8 000:002.666 - 0.006ms returns 94200
T20B8 000:084.836 JLINK_OpenEx(...)
T20B8 000:091.993   Firmware: J-Link OB-RA4M2 compiled Dec 10 2025 15:52:53
T20B8 000:092.530   Firmware: J-Link OB-RA4M2 compiled Dec 10 2025 15:52:53
T20B8 000:112.441   Hardware: V1.00
T20B8 000:112.477   S/N: 1083250768
T20B8 000:112.486   OEM: SEGGER
T20B8 000:112.501   Feature(s): None
T20B8 000:113.069   Bootloader: 2021 May 14
T20B8 000:113.574   USB speed mode: Full speed (12 MBit/s)
T20B8 000:113.875   TELNET listener socket opened on port 19021
T20B8 000:114.075   WEBSRV WEBSRV_Init(): Starting webserver thread(s)
T20B8 000:114.239   WEBSRV Webserver running on local port 19080
T20B8 000:114.339   Looking for J-Link GUI Server exe at: C:\Users\skull\.eclipse\com.renesas.platform_1584587709\DebugComp\RA\ARM\Segger_v9.42.0\JLinkGUIServer.exe
T20B8 000:114.459   Looking for J-Link GUI Server exe at: \JLinkGUIServer.exe
T20B8 000:421.654   Failed to connect to J-Link GUI Server.
T20B8 000:421.719 - 336.874ms returns "O.K."
T20B8 000:421.855 JLINK_TIF_Select(JLINKARM_TIF_SWD)
T20B8 000:422.495 - 0.642ms returns 0x00
T20B8 000:422.531 JLINK_ClrRESET()
T20B8 000:422.709 - 0.178ms 
T20B8 000:473.214 JLINK_SetSpeed(1500)
T20B8 000:473.485 - 0.290ms 
T20B8 000:473.514 JLINK_CORESIGHT_Configure(PerformTIFInit=0)
T20B8 000:473.912 - 0.399ms returns 0
T20B8 000:473.943 JLINK_CORESIGHT_ReadAPDPReg(DP reg 0x00)
T20B8 000:474.408   Value=0x6BA02477
T20B8 000:474.419 - 0.479ms returns 0
T20B8 000:474.436 JLINK_CORESIGHT_WriteAPDPReg(DP reg 0x00, 0x0000001F)
T20B8 000:474.629 - 0.192ms returns 0
T20B8 000:474.643 JLINK_CORESIGHT_ReadAPDPReg(DP reg 0x00)
T20B8 000:474.814   Value=0x6BA02477
T20B8 000:474.823 - 0.180ms returns 0
T20B8 000:474.834 JLINK_CORESIGHT_WriteAPDPReg(DP reg 0x02, 0x00000000)
T20B8 000:475.008 - 0.174ms returns 0
T20B8 000:475.020 JLINK_CORESIGHT_WriteAPDPReg(DP reg 0x01, 0x50000000)
T20B8 000:475.194 - 0.173ms returns 0
T20B8 000:475.614 JLINK_CORESIGHT_ReadAPDPReg(DP reg 0x01)
T20B8 000:475.805   Value=0xF0000000
T20B8 000:475.814 - 0.200ms returns 0
T20B8 000:475.821 JLINK_CORESIGHT_WriteAPDPReg(DP reg 0x00, 0x0000001F)
T20B8 000:475.995 - 0.174ms returns 0
T20B8 000:476.003 JLINK_CORESIGHT_ReadAPDPReg(DP reg 0x00)
T20B8 000:476.177   Value=0x6BA02477
T20B8 000:476.186 - 0.182ms returns 0
T20B8 000:476.192 JLINK_CORESIGHT_WriteAPDPReg(DP reg 0x01, 0x54000000)
T20B8 000:476.400 - 0.207ms returns 0
T20B8 000:476.408 JLINK_CORESIGHT_WriteAPDPReg(DP reg 0x01, 0x50000F00)
T20B8 000:476.579 - 0.170ms returns 0
T20B8 000:476.587 JLINK_CORESIGHT_WriteAPDPReg(DP reg 0x02, 0x01000000)
T20B8 000:476.755 - 0.167ms returns 0
T20B8 000:476.771 JLINK_CORESIGHT_WriteAPDPReg(AP reg 0x00, 0x80000002)
T20B8 000:476.951 - 0.180ms returns 0
T20B8 000:476.961 JLINK_CORESIGHT_WriteAPDPReg(AP reg 0x01, 0x80011100)
T20B8 000:477.142 - 0.181ms returns 0
T20B8 000:477.151 JLINK_CORESIGHT_WriteAPDPReg(AP reg 0x03, 0x000000A5)
T20B8 000:477.321 - 0.170ms returns 0
T20B8 000:477.330 JLINK_CORESIGHT_WriteAPDPReg(AP reg 0x00, 0x80000002)
T20B8 000:477.543 - 0.213ms returns 0
T20B8 000:477.551 JLINK_CORESIGHT_WriteAPDPReg(AP reg 0x01, 0x80011100)
T20B8 000:477.724 - 0.173ms returns 0
T20B8 000:477.732 JLINK_CORESIGHT_ReadAPDPReg(AP reg 0x03)
T20B8 000:477.954   Value=0x000000A5
T20B8 000:477.969 - 0.237ms returns 0
T20B8 000:477.979 JLINK_ClrTMS()
T20B8 000:478.050 - 0.070ms 
T20B8 000:483.734 JLINK_SetTCK()
T20B8 000:483.880 - 0.144ms returns 0
T20B8 000:489.745 JLINK_SetRESET()
T20B8 000:489.929 - 0.183ms 
T20B8 000:690.264 JLINK_CORESIGHT_WriteAPDPReg(AP reg 0x00, 0x80000002)
T20B8 000:690.549 - 0.284ms returns 0
T20B8 000:690.577 JLINK_CORESIGHT_WriteAPDPReg(AP reg 0x01, 0x80011100)
T20B8 000:690.907 - 0.329ms returns 0
T20B8 000:690.932 JLINK_CORESIGHT_ReadAPDPReg(AP reg 0x03)
T20B8 000:691.247   Value=0x00000000
T20B8 000:691.267 - 0.335ms returns 0
T20B8 000:691.280 JLINK_CORESIGHT_WriteAPDPReg(AP reg 0x00, 0x80000002)
T20B8 000:691.548 - 0.267ms returns 0
T20B8 000:691.570 JLINK_CORESIGHT_WriteAPDPReg(AP reg 0x01, 0x80011140)
T20B8 000:691.783 - 0.211ms returns 0
T20B8 000:691.812 JLINK_CORESIGHT_ReadAPDPReg(AP reg 0x03)
T20B8 000:692.121   Value=0x00000002
T20B8 000:692.133 - 0.321ms returns 0
T20B8 000:692.141 JLINK_CORESIGHT_WriteAPDPReg(AP reg 0x00, 0x80000002)
T20B8 000:692.335 - 0.193ms returns 0
T20B8 000:692.346 JLINK_CORESIGHT_WriteAPDPReg(AP reg 0x01, 0x80011120)
T20B8 000:692.534 - 0.188ms returns 0
T20B8 000:692.545 JLINK_CORESIGHT_WriteAPDPReg(AP reg 0x03, 0x00000055)
T20B8 000:692.752 - 0.206ms returns 0
T20B8 000:692.762 JLINK_CORESIGHT_WriteAPDPReg(AP reg 0x00, 0x80000002)
T20B8 000:692.955 - 0.192ms returns 0
T20B8 000:692.981 JLINK_CORESIGHT_WriteAPDPReg(AP reg 0x01, 0x80011140)
T20B8 000:693.229 - 0.247ms returns 0
T20B8 000:693.247 JLINK_CORESIGHT_ReadAPDPReg(AP reg 0x03)
T20B8 000:693.495   Value=0x00000002
T20B8 000:693.509 - 0.262ms returns 0
T20B8 000:693.517 JLINK_CORESIGHT_ReadAPDPReg(AP reg 0x03)
T20B8 000:693.760   Value=0x00000002
T20B8 000:693.776 - 0.259ms returns 0
T20B8 000:693.784 JLINK_CORESIGHT_ReadAPDPReg(AP reg 0x03)
T20B8 000:694.027   Value=0x00000002
T20B8 000:694.044 - 0.260ms returns 0
T20B8 000:694.052 JLINK_CORESIGHT_ReadAPDPReg(AP reg 0x03)
T20B8 000:694.288   Value=0x00000002
T20B8 000:694.301 - 0.249ms returns 0
T20B8 000:694.310 JLINK_CORESIGHT_ReadAPDPReg(AP reg 0x03)
T20B8 000:694.556   Value=0x00000002
T20B8 000:694.567 - 0.257ms returns 0
T20B8 000:694.574 JLINK_CORESIGHT_ReadAPDPReg(AP reg 0x03)
T20B8 000:694.800   Value=0x00000002
T20B8 000:694.810 - 0.235ms returns 0
T20B8 000:694.818 JLINK_CORESIGHT_ReadAPDPReg(AP reg 0x03)
T20B8 000:695.048   Value=0x00000002
T20B8 000:695.063 - 0.244ms returns 0
T20B8 000:695.070 JLINK_CORESIGHT_ReadAPDPReg(AP reg 0x03)
T20B8 000:695.295   Value=0x00000002
T20B8 000:695.306 - 0.236ms returns 0
T20B8 000:695.313 JLINK_CORESIGHT_ReadAPDPReg(AP reg 0x03)
T20B8 000:695.558   Value=0x00000002
T20B8 000:695.578 - 0.264ms returns 0
T20B8 000:695.589 JLINK_CORESIGHT_ReadAPDPReg(AP reg 0x03)
T20B8 000:695.816   Value=0x00000002
T20B8 000:695.827 - 0.237ms returns 0
T20B8 000:695.833 JLINK_CORESIGHT_ReadAPDPReg(AP reg 0x03)
T20B8 000:696.055   Value=0x00000002
T20B8 000:696.067 - 0.233ms returns 0
T20B8 000:696.074 JLINK_CORESIGHT_ReadAPDPReg(AP reg 0x03)
T20B8 000:696.297   Value=0x00000002
T20B8 000:696.311 - 0.237ms returns 0
T20B8 000:696.319 JLINK_CORESIGHT_ReadAPDPReg(AP reg 0x03)
T20B8 000:696.556   Value=0x00000002
T20B8 000:696.566 - 0.247ms returns 0
T20B8 000:696.573 JLINK_CORESIGHT_ReadAPDPReg(AP reg 0x03)
T20B8 000:696.793   Value=0x00000002
T20B8 000:696.802 - 0.229ms returns 0
T20B8 000:696.809 JLINK_CORESIGHT_ReadAPDPReg(AP reg 0x03)
T20B8 000:697.023   Value=0x00000002
T20B8 000:697.034 - 0.225ms returns 0
T20B8 000:697.040 JLINK_CORESIGHT_ReadAPDPReg(AP reg 0x03)
T20B8 000:697.262   Value=0x00000002
T20B8 000:697.272 - 0.231ms returns 0
T20B8 000:697.279 JLINK_CORESIGHT_ReadAPDPReg(AP reg 0x03)
T20B8 000:697.529   Value=0x00000002
T20B8 000:697.538 - 0.259ms returns 0
T20B8 000:697.544 JLINK_CORESIGHT_ReadAPDPReg(AP reg 0x03)
T20B8 000:697.765   Value=0x00000002
T20B8 000:697.774 - 0.229ms returns 0
T20B8 000:697.780 JLINK_CORESIGHT_ReadAPDPReg(AP reg 0x03)
T20B8 000:698.003   Value=0x00000002
T20B8 000:698.012 - 0.232ms returns 0
T20B8 000:698.019 JLINK_CORESIGHT_ReadAPDPReg(AP reg 0x03)
T20B8 000:698.238   Value=0x00000002
T20B8 000:698.247 - 0.228ms returns 0
T20B8 000:698.254 JLINK_CORESIGHT_ReadAPDPReg(AP reg 0x03)
T20B8 000:698.476   Value=0x00000002
T20B8 000:698.485 - 0.231ms returns 0
T20B8 000:698.491 JLINK_CORESIGHT_ReadAPDPReg(AP reg 0x03)
T20B8 000:698.723   Value=0x00000002
T20B8 000:698.749 - 0.257ms returns 0
T20B8 000:698.760 JLINK_CORESIGHT_ReadAPDPReg(AP reg 0x03)
T20B8 000:698.986   Value=0x00000002
T20B8 000:698.999 - 0.238ms returns 0
T20B8 000:699.006 JLINK_CORESIGHT_ReadAPDPReg(AP reg 0x03)
T20B8 000:699.236   Value=0x00000002
T20B8 000:699.257 - 0.250ms returns 0
T20B8 000:699.269 JLINK_CORESIGHT_ReadAPDPReg(AP reg 0x03)
T20B8 000:699.585   Value=0x00000002
T20B8 000:699.605 - 0.335ms returns 0
T20B8 000:699.616 JLINK_CORESIGHT_ReadAPDPReg(AP reg 0x03)
T20B8 000:699.902   Value=0x00000002
T20B8 000:699.922 - 0.306ms returns 0
T20B8 000:699.934 JLINK_CORESIGHT_ReadAPDPReg(AP reg 0x03)
T20B8 000:700.252   Value=0x00000002
T20B8 000:700.273 - 0.338ms returns 0
T20B8 000:700.284 JLINK_CORESIGHT_ReadAPDPReg(AP reg 0x03)
T20B8 000:700.700   Value=0x00000002
T20B8 000:700.721 - 0.437ms returns 0
T20B8 000:700.733 JLINK_CORESIGHT_ReadAPDPReg(AP reg 0x03)
T20B8 000:700.995   Value=0x00000002
T20B8 000:701.008 - 0.275ms returns 0
T20B8 000:701.018 JLINK_CORESIGHT_ReadAPDPReg(AP reg 0x03)
T20B8 000:701.283   Value=0x00000002
T20B8 000:701.295 - 0.277ms returns 0
T20B8 000:701.302 JLINK_CORESIGHT_ReadAPDPReg(AP reg 0x03)
T20B8 000:701.566   Value=0x00000002
T20B8 000:701.584 - 0.281ms returns 0
T20B8 000:701.595 JLINK_CORESIGHT_ReadAPDPReg(AP reg 0x03)
T20B8 000:701.836   Value=0x00000002
T20B8 000:701.850 - 0.256ms returns 0
T20B8 000:701.861 JLINK_CORESIGHT_ReadAPDPReg(AP reg 0x03)
T20B8 000:702.101   Value=0x00000002
T20B8 000:702.118 - 0.257ms returns 0
T20B8 000:702.128 JLINK_CORESIGHT_ReadAPDPReg(AP reg 0x03)
T20B8 000:702.418   Value=0x00000002
T20B8 000:702.432 - 0.304ms returns 0
T20B8 000:702.441 JLINK_CORESIGHT_ReadAPDPReg(AP reg 0x03)
T20B8 000:702.668   Value=0x00000002
T20B8 000:702.684 - 0.242ms returns 0
T20B8 000:702.691 JLINK_CORESIGHT_ReadAPDPReg(AP reg 0x03)
T20B8 000:702.962   Value=0x00000002
T20B8 000:702.986 - 0.294ms returns 0
T20B8 000:702.998 JLINK_CORESIGHT_ReadAPDPReg(AP reg 0x03)
T20B8 000:703.248   Value=0x00000002
T20B8 000:703.260 - 0.261ms returns 0
T20B8 000:703.267 JLINK_CORESIGHT_ReadAPDPReg(AP reg 0x03)
T20B8 000:703.488   Value=0x00000002
T20B8 000:703.499 - 0.231ms returns 0
T20B8 000:703.513 JLINK_CORESIGHT_ReadAPDPReg(AP reg 0x03)
T20B8 000:703.737   Value=0x00000002
T20B8 000:703.747 - 0.234ms returns 0
T20B8 000:703.759 JLINK_CORESIGHT_ReadAPDPReg(AP reg 0x03)
T20B8 000:703.975   Value=0x00000002
T20B8 000:703.984 - 0.224ms returns 0
T20B8 000:703.995 JLINK_CORESIGHT_ReadAPDPReg(AP reg 0x03)
T20B8 000:704.213   Value=0x00000000
T20B8 000:704.223 - 0.228ms returns 0
T20B8 000:704.235 JLINK_CORESIGHT_WriteAPDPReg(AP reg 0x00, 0x80000002)
T20B8 000:704.409 - 0.174ms returns 0
T20B8 000:704.423 JLINK_CORESIGHT_WriteAPDPReg(AP reg 0x01, 0x80011130)
T20B8 000:704.586 - 0.163ms returns 0
T20B8 000:704.604 JLINK_CORESIGHT_ReadAPDPReg(AP reg 0x03)
T20B8 000:704.828   Value=0x000000C6
T20B8 000:704.841 - 0.237ms returns 0
T20B8 000:705.272 JLINK_CORESIGHT_WriteAPDPReg(AP reg 0x00, 0x80000002)
T20B8 000:705.517 - 0.245ms returns 0
T20B8 000:705.531 JLINK_CORESIGHT_WriteAPDPReg(AP reg 0x01, 0x80011140)
T20B8 000:705.711 - 0.180ms returns 0
T20B8 000:705.724 JLINK_CORESIGHT_ReadAPDPReg(AP reg 0x03)
T20B8 000:705.955   Value=0x00000002
T20B8 000:705.969 - 0.245ms returns 0
T20B8 000:705.977 JLINK_CORESIGHT_WriteAPDPReg(AP reg 0x00, 0x80000002)
T20B8 000:706.156 - 0.179ms returns 0
T20B8 000:706.164 JLINK_CORESIGHT_WriteAPDPReg(AP reg 0x01, 0x80011120)
T20B8 000:706.408 - 0.244ms returns 0
T20B8 000:706.422 JLINK_CORESIGHT_WriteAPDPReg(AP reg 0x03, 0x3A010001)
T20B8 000:706.641 - 0.218ms returns 0
T20B8 000:706.661 JLINK_CORESIGHT_WriteAPDPReg(AP reg 0x00, 0x80000002)
T20B8 000:706.839 - 0.178ms returns 0
T20B8 000:706.852 JLINK_CORESIGHT_WriteAPDPReg(AP reg 0x01, 0x80011140)
T20B8 000:707.042 - 0.190ms returns 0
T20B8 000:707.058 JLINK_CORESIGHT_ReadAPDPReg(AP reg 0x03)
T20B8 000:707.300   Value=0x00000002
T20B8 000:707.312 - 0.255ms returns 0
T20B8 000:707.323 JLINK_CORESIGHT_WriteAPDPReg(AP reg 0x00, 0x80000002)
T20B8 000:707.519 - 0.196ms returns 0
T20B8 000:707.534 JLINK_CORESIGHT_WriteAPDPReg(AP reg 0x01, 0x80011120)
T20B8 000:707.727 - 0.192ms returns 0
T20B8 000:707.749 JLINK_CORESIGHT_WriteAPDPReg(AP reg 0x03, 0x000003C5)
T20B8 000:707.934 - 0.184ms returns 0
T20B8 000:707.948 JLINK_CORESIGHT_WriteAPDPReg(AP reg 0x00, 0x80000002)
T20B8 000:708.147 - 0.198ms returns 0
T20B8 000:708.165 JLINK_CORESIGHT_WriteAPDPReg(AP reg 0x01, 0x80011140)
T20B8 000:708.418 - 0.252ms returns 0
T20B8 000:708.430 JLINK_CORESIGHT_ReadAPDPReg(AP reg 0x03)
T20B8 000:708.667   Value=0x00000002
T20B8 000:708.680 - 0.249ms returns 0
T20B8 000:708.689 JLINK_CORESIGHT_ReadAPDPReg(AP reg 0x03)
T20B8 000:708.916   Value=0x00000002
T20B8 000:708.929 - 0.239ms returns 0
T20B8 000:708.938 JLINK_CORESIGHT_ReadAPDPReg(AP reg 0x03)
T20B8 000:709.167   Value=0x00000002
T20B8 000:709.177 - 0.238ms returns 0
T20B8 000:709.184 JLINK_CORESIGHT_ReadAPDPReg(AP reg 0x03)
T20B8 000:709.418   Value=0x00000002
T20B8 000:709.431 - 0.247ms returns 0
T20B8 000:709.441 JLINK_CORESIGHT_ReadAPDPReg(AP reg 0x03)
T20B8 000:709.668   Value=0x00000002
T20B8 000:709.680 - 0.239ms returns 0
T20B8 000:709.690 JLINK_CORESIGHT_ReadAPDPReg(AP reg 0x03)
T20B8 000:709.915   Value=0x00000002
T20B8 000:709.928 - 0.238ms returns 0
T20B8 000:709.937 JLINK_CORESIGHT_ReadAPDPReg(AP reg 0x03)
T20B8 000:710.164   Value=0x00000002
T20B8 000:710.176 - 0.238ms returns 0
T20B8 000:710.185 JLINK_CORESIGHT_ReadAPDPReg(AP reg 0x03)
T20B8 000:710.415   Value=0x00000002
T20B8 000:710.425 - 0.240ms returns 0
T20B8 000:710.432 JLINK_CORESIGHT_ReadAPDPReg(AP reg 0x03)
T20B8 000:710.655   Value=0x00000002
T20B8 000:710.664 - 0.232ms returns 0
T20B8 000:710.671 JLINK_CORESIGHT_ReadAPDPReg(AP reg 0x03)
T20B8 000:710.890   Value=0x00000000
T20B8 000:710.899 - 0.228ms returns 0
T20B8 000:710.905 JLINK_CORESIGHT_WriteAPDPReg(AP reg 0x00, 0x80000002)
T20B8 000:711.083 - 0.178ms returns 0
T20B8 000:711.092 JLINK_CORESIGHT_WriteAPDPReg(AP reg 0x01, 0x80011130)
T20B8 000:711.267 - 0.175ms returns 0
T20B8 000:711.275 JLINK_CORESIGHT_ReadAPDPReg(AP reg 0x03)
T20B8 000:711.501   Value=0x3A2A0081
T20B8 000:711.515 - 0.240ms returns 0
T20B8 000:711.525 JLINK_CORESIGHT_WriteAPDPReg(AP reg 0x00, 0x80000002)
T20B8 000:711.704 - 0.179ms returns 0
T20B8 000:711.714 JLINK_CORESIGHT_WriteAPDPReg(AP reg 0x01, 0x80011140)
T20B8 000:711.886 - 0.172ms returns 0
T20B8 000:711.895 JLINK_CORESIGHT_ReadAPDPReg(AP reg 0x03)
T20B8 000:712.118   Value=0x00000000
T20B8 000:712.126 - 0.231ms returns 0
T20B8 000:712.133 JLINK_CORESIGHT_WriteAPDPReg(AP reg 0x00, 0x80000002)
T20B8 000:712.312 - 0.178ms returns 0
T20B8 000:712.320 JLINK_CORESIGHT_WriteAPDPReg(AP reg 0x01, 0x80011130)
T20B8 000:712.513 - 0.193ms returns 0
T20B8 000:712.521 JLINK_CORESIGHT_ReadAPDPReg(AP reg 0x03)
T20B8 000:712.747   Value=0x808D5B00
T20B8 000:712.762 - 0.240ms returns 0
T20B8 000:712.772 JLINK_CORESIGHT_WriteAPDPReg(AP reg 0x00, 0x80000002)
T20B8 000:712.974 - 0.202ms returns 0
T20B8 000:712.988 JLINK_CORESIGHT_WriteAPDPReg(AP reg 0x01, 0x80011140)
T20B8 000:713.170 - 0.182ms returns 0
T20B8 000:713.183 JLINK_CORESIGHT_ReadAPDPReg(AP reg 0x03)
T20B8 000:713.406   Value=0x00000000
T20B8 000:713.418 - 0.235ms returns 0
T20B8 000:713.428 JLINK_CORESIGHT_WriteAPDPReg(AP reg 0x00, 0x80000002)
T20B8 000:713.629 - 0.201ms returns 0
T20B8 000:713.644 JLINK_CORESIGHT_WriteAPDPReg(AP reg 0x01, 0x80011130)
T20B8 000:713.836 - 0.192ms returns 0
T20B8 000:713.851 JLINK_CORESIGHT_ReadAPDPReg(AP reg 0x03)
T20B8 000:714.111   Value=0x0406070A
T20B8 000:714.120 - 0.269ms returns 0
T20B8 000:714.126 JLINK_CORESIGHT_WriteAPDPReg(AP reg 0x00, 0x80000002)
T20B8 000:714.295 - 0.169ms returns 0
T20B8 000:714.304 JLINK_CORESIGHT_WriteAPDPReg(AP reg 0x01, 0x80011140)
T20B8 000:714.514 - 0.210ms returns 0
T20B8 000:714.523 JLINK_CORESIGHT_ReadAPDPReg(AP reg 0x03)
T20B8 000:714.740   Value=0x00000000
T20B8 000:714.748 - 0.225ms returns 0
T20B8 000:714.755 JLINK_CORESIGHT_WriteAPDPReg(AP reg 0x00, 0x80000002)
T20B8 000:714.982 - 0.227ms returns 0
T20B8 000:714.993 JLINK_CORESIGHT_WriteAPDPReg(AP reg 0x01, 0x80011130)
T20B8 000:715.161 - 0.168ms returns 0
T20B8 000:715.170 JLINK_CORESIGHT_ReadAPDPReg(AP reg 0x03)
T20B8 000:715.410   Value=0x3254540B
T20B8 000:715.419 - 0.249ms returns 0
T20B8 000:715.426 JLINK_CORESIGHT_WriteAPDPReg(AP reg 0x00, 0x80000002)
T20B8 000:715.604 - 0.178ms returns 0
T20B8 000:715.614 JLINK_CORESIGHT_WriteAPDPReg(AP reg 0x01, 0x80011140)
T20B8 000:715.800 - 0.185ms returns 0
T20B8 000:715.811 JLINK_CORESIGHT_ReadAPDPReg(AP reg 0x03)
T20B8 000:716.043   Value=0x00000000
T20B8 000:716.053 - 0.243ms returns 0
T20B8 000:716.061 JLINK_CORESIGHT_WriteAPDPReg(AP reg 0x00, 0x80000002)
T20B8 000:716.238 - 0.178ms returns 0
T20B8 000:716.256 JLINK_CORESIGHT_WriteAPDPReg(AP reg 0x01, 0x80011130)
T20B8 000:716.438 - 0.181ms returns 0
T20B8 000:716.450 JLINK_CORESIGHT_ReadAPDPReg(AP reg 0x03)
T20B8 000:716.683   Value=0x54D36759
T20B8 000:716.693 - 0.243ms returns 0
T20B8 000:716.700 JLINK_CORESIGHT_WriteAPDPReg(AP reg 0x00, 0x80000002)
T20B8 000:716.879 - 0.179ms returns 0
T20B8 000:716.889 JLINK_CORESIGHT_WriteAPDPReg(AP reg 0x01, 0x80011140)
T20B8 000:717.060 - 0.170ms returns 0
T20B8 000:717.070 JLINK_CORESIGHT_ReadAPDPReg(AP reg 0x03)
T20B8 000:717.283   Value=0x00000000
T20B8 000:717.294 - 0.224ms returns 0
T20B8 000:717.301 JLINK_CORESIGHT_WriteAPDPReg(AP reg 0x00, 0x80000002)
T20B8 000:717.518 - 0.217ms returns 0
T20B8 000:717.526 JLINK_CORESIGHT_WriteAPDPReg(AP reg 0x01, 0x80011130)
T20B8 000:717.695 - 0.169ms returns 0
T20B8 000:717.704 JLINK_CORESIGHT_ReadAPDPReg(AP reg 0x03)
T20B8 000:717.923   Value=0x34325736
T20B8 000:717.933 - 0.229ms returns 0
T20B8 000:717.940 JLINK_CORESIGHT_WriteAPDPReg(AP reg 0x00, 0x80000002)
T20B8 000:718.115 - 0.175ms returns 0
T20B8 000:718.125 JLINK_CORESIGHT_WriteAPDPReg(AP reg 0x01, 0x80011140)
T20B8 000:718.298 - 0.173ms returns 0
T20B8 000:718.313 JLINK_CORESIGHT_ReadAPDPReg(AP reg 0x03)
T20B8 000:718.576   Value=0x00000000
T20B8 000:718.587 - 0.274ms returns 0
T20B8 000:718.595 JLINK_CORESIGHT_WriteAPDPReg(AP reg 0x00, 0x80000002)
T20B8 000:718.784 - 0.188ms returns 0
T20B8 000:718.794 JLINK_CORESIGHT_WriteAPDPReg(AP reg 0x01, 0x80011130)
T20B8 000:718.966 - 0.172ms returns 0
T20B8 000:718.987 JLINK_CORESIGHT_ReadAPDPReg(AP reg 0x03)
T20B8 000:719.213   Value=0x610A2D30
T20B8 000:719.222 - 0.236ms returns 0
T20B8 000:719.229 JLINK_CORESIGHT_WriteAPDPReg(AP reg 0x00, 0x80000002)
T20B8 000:719.408 - 0.179ms returns 0
T20B8 000:719.417 JLINK_CORESIGHT_WriteAPDPReg(AP reg 0x01, 0x80011140)
T20B8 000:719.588 - 0.171ms returns 0
T20B8 000:719.597 JLINK_CORESIGHT_ReadAPDPReg(AP reg 0x03)
T20B8 000:719.818   Value=0x00000000
T20B8 000:719.827 - 0.230ms returns 0
T20B8 000:719.833 JLINK_CORESIGHT_WriteAPDPReg(AP reg 0x00, 0x80000002)
T20B8 000:720.011 - 0.178ms returns 0
T20B8 000:720.024 JLINK_CORESIGHT_WriteAPDPReg(AP reg 0x01, 0x80011130)
T20B8 000:720.207 - 0.182ms returns 0
T20B8 000:720.221 JLINK_CORESIGHT_ReadAPDPReg(AP reg 0x03)
T20B8 000:720.458   Value=0x4B37528D
T20B8 000:720.467 - 0.245ms returns 0
T20B8 000:720.473 JLINK_CORESIGHT_WriteAPDPReg(AP reg 0x00, 0x80000002)
T20B8 000:720.647 - 0.174ms returns 0
T20B8 000:720.656 JLINK_CORESIGHT_WriteAPDPReg(AP reg 0x01, 0x80011140)
T20B8 000:720.826 - 0.170ms returns 0
T20B8 000:720.835 JLINK_CORESIGHT_ReadAPDPReg(AP reg 0x03)
T20B8 000:721.081   Value=0x00000000
T20B8 000:721.089 - 0.254ms returns 0
T20B8 000:721.096 JLINK_CORESIGHT_WriteAPDPReg(AP reg 0x00, 0x80000002)
T20B8 000:721.269 - 0.173ms returns 0
T20B8 000:721.284 JLINK_CORESIGHT_WriteAPDPReg(AP reg 0x01, 0x80011130)
T20B8 000:721.515 - 0.231ms returns 0
T20B8 000:721.524 JLINK_CORESIGHT_ReadAPDPReg(AP reg 0x03)
T20B8 000:721.742   Value=0x31503841
T20B8 000:721.751 - 0.226ms returns 0
T20B8 000:721.757 JLINK_CORESIGHT_WriteAPDPReg(AP reg 0x00, 0x80000002)
T20B8 000:721.930 - 0.173ms returns 0
T20B8 000:721.939 JLINK_CORESIGHT_WriteAPDPReg(AP reg 0x01, 0x80011140)
T20B8 000:722.123 - 0.184ms returns 0
T20B8 000:722.135 JLINK_CORESIGHT_ReadAPDPReg(AP reg 0x03)
T20B8 000:722.411   Value=0x00000000
T20B8 000:722.420 - 0.285ms returns 0
T20B8 000:722.427 JLINK_CORESIGHT_WriteAPDPReg(AP reg 0x00, 0x80000002)
T20B8 000:722.599 - 0.171ms returns 0
T20B8 000:722.608 JLINK_CORESIGHT_WriteAPDPReg(AP reg 0x01, 0x80011130)
T20B8 000:722.785 - 0.177ms returns 0
T20B8 000:722.794 JLINK_CORESIGHT_ReadAPDPReg(AP reg 0x03)
T20B8 000:723.013   Value=0x434C464B
T20B8 000:723.022 - 0.227ms returns 0
T20B8 000:723.028 JLINK_CORESIGHT_WriteAPDPReg(AP reg 0x00, 0x80000002)
T20B8 000:723.207 - 0.179ms returns 0
T20B8 000:723.216 JLINK_CORESIGHT_WriteAPDPReg(AP reg 0x01, 0x80011140)
T20B8 000:723.408 - 0.192ms returns 0
T20B8 000:723.417 JLINK_CORESIGHT_ReadAPDPReg(AP reg 0x03)
T20B8 000:723.679   Value=0x00000000
T20B8 000:723.690 - 0.273ms returns 0
T20B8 000:723.697 JLINK_CORESIGHT_WriteAPDPReg(AP reg 0x00, 0x80000002)
T20B8 000:723.891 - 0.194ms returns 0
T20B8 000:723.900 JLINK_CORESIGHT_WriteAPDPReg(AP reg 0x01, 0x80011130)
T20B8 000:724.084 - 0.184ms returns 0
T20B8 000:724.093 JLINK_CORESIGHT_ReadAPDPReg(AP reg 0x03)
T20B8 000:724.311   Value=0x20204341
T20B8 000:724.320 - 0.226ms returns 0
T20B8 000:724.326 JLINK_CORESIGHT_WriteAPDPReg(AP reg 0x00, 0x80000002)
T20B8 000:724.514 - 0.188ms returns 0
T20B8 000:724.522 JLINK_CORESIGHT_WriteAPDPReg(AP reg 0x01, 0x80011140)
T20B8 000:724.689 - 0.166ms returns 0
T20B8 000:724.698 JLINK_CORESIGHT_ReadAPDPReg(AP reg 0x03)
T20B8 000:724.926   Value=0x00000000
T20B8 000:724.940 - 0.242ms returns 0
T20B8 000:724.948 JLINK_CORESIGHT_WriteAPDPReg(AP reg 0x00, 0x80000002)
T20B8 000:725.142 - 0.193ms returns 0
T20B8 000:725.151 JLINK_CORESIGHT_WriteAPDPReg(AP reg 0x01, 0x80011130)
T20B8 000:725.318 - 0.167ms returns 0
T20B8 000:725.326 JLINK_CORESIGHT_ReadAPDPReg(AP reg 0x03)
T20B8 000:725.567   Value=0x00033320
T20B8 000:725.578 - 0.251ms returns 0
T20B8 000:725.643 JLINK_CORESIGHT_WriteAPDPReg(AP reg 0x00, 0x80000002)
T20B8 000:725.821 - 0.177ms returns 0
T20B8 000:725.829 JLINK_CORESIGHT_WriteAPDPReg(AP reg 0x01, 0x80011140)
T20B8 000:725.998 - 0.168ms returns 0
T20B8 000:726.008 JLINK_CORESIGHT_ReadAPDPReg(AP reg 0x03)
T20B8 000:726.233   Value=0x00000002
T20B8 000:726.242 - 0.234ms returns 0
T20B8 000:726.249 JLINK_CORESIGHT_WriteAPDPReg(AP reg 0x00, 0x80000002)
T20B8 000:726.427 - 0.177ms returns 0
T20B8 000:726.435 JLINK_CORESIGHT_WriteAPDPReg(AP reg 0x01, 0x80011120)
T20B8 000:726.613 - 0.178ms returns 0
T20B8 000:726.622 JLINK_CORESIGHT_WriteAPDPReg(AP reg 0x03, 0x39020001)
T20B8 000:726.798 - 0.176ms returns 0
T20B8 000:726.807 JLINK_CORESIGHT_WriteAPDPReg(AP reg 0x00, 0x80000002)
T20B8 000:726.978 - 0.171ms returns 0
T20B8 000:726.987 JLINK_CORESIGHT_WriteAPDPReg(AP reg 0x01, 0x80011140)
T20B8 000:727.167 - 0.180ms returns 0
T20B8 000:727.181 JLINK_CORESIGHT_ReadAPDPReg(AP reg 0x03)
T20B8 000:727.410   Value=0x00000002
T20B8 000:727.419 - 0.237ms returns 0
T20B8 000:727.426 JLINK_CORESIGHT_WriteAPDPReg(AP reg 0x00, 0x80000002)
T20B8 000:727.605 - 0.179ms returns 0
T20B8 000:727.613 JLINK_CORESIGHT_WriteAPDPReg(AP reg 0x01, 0x80011120)
T20B8 000:727.784 - 0.171ms returns 0
T20B8 000:727.792 JLINK_CORESIGHT_WriteAPDPReg(AP reg 0x03, 0x0003B312)
T20B8 000:727.977 - 0.184ms returns 0
T20B8 000:727.986 JLINK_CORESIGHT_WriteAPDPReg(AP reg 0x00, 0x80000002)
T20B8 000:728.156 - 0.170ms returns 0
T20B8 000:728.164 JLINK_CORESIGHT_WriteAPDPReg(AP reg 0x01, 0x80011140)
T20B8 000:728.412 - 0.247ms returns 0
T20B8 000:728.426 JLINK_CORESIGHT_ReadAPDPReg(AP reg 0x03)
T20B8 000:728.653   Value=0x00000000
T20B8 000:728.662 - 0.236ms returns 0
T20B8 000:728.669 JLINK_CORESIGHT_WriteAPDPReg(AP reg 0x00, 0x80000002)
T20B8 000:728.850 - 0.181ms returns 0
T20B8 000:728.859 JLINK_CORESIGHT_WriteAPDPReg(AP reg 0x01, 0x80011130)
T20B8 000:729.029 - 0.170ms returns 0
T20B8 000:729.038 JLINK_CORESIGHT_ReadAPDPReg(AP reg 0x03)
T20B8 000:729.251   Value=0xB90A0081
T20B8 000:729.259 - 0.221ms returns 0
T20B8 000:729.270 JLINK_CORESIGHT_WriteAPDPReg(AP reg 0x00, 0x80000002)
T20B8 000:729.439 - 0.168ms returns 0
T20B8 000:729.447 JLINK_CORESIGHT_WriteAPDPReg(AP reg 0x01, 0x80011140)
T20B8 000:729.615 - 0.167ms returns 0
T20B8 000:729.625 JLINK_CORESIGHT_ReadAPDPReg(AP reg 0x03)
T20B8 000:729.843   Value=0x00000000
T20B8 000:729.853 - 0.227ms returns 0
T20B8 000:729.860 JLINK_CORESIGHT_WriteAPDPReg(AP reg 0x00, 0x80000002)
T20B8 000:730.024 - 0.164ms returns 0
T20B8 000:730.040 JLINK_CORESIGHT_WriteAPDPReg(AP reg 0x01, 0x80011130)
T20B8 000:730.225 - 0.185ms returns 0
T20B8 000:730.238 JLINK_CORESIGHT_ReadAPDPReg(AP reg 0x03)
T20B8 000:730.457   Value=0xFFFFFFC0
T20B8 000:730.465 - 0.227ms returns 0
T20B8 000:730.476 JLINK_CORESIGHT_WriteAPDPReg(AP reg 0x00, 0x80000002)
T20B8 000:730.660 - 0.184ms returns 0
T20B8 000:730.672 JLINK_CORESIGHT_WriteAPDPReg(AP reg 0x01, 0x80011140)
T20B8 000:730.848 - 0.175ms returns 0
T20B8 000:730.866 JLINK_CORESIGHT_ReadAPDPReg(AP reg 0x03)
T20B8 000:731.089   Value=0x00000000
T20B8 000:731.098 - 0.232ms returns 0
T20B8 000:731.109 JLINK_CORESIGHT_WriteAPDPReg(AP reg 0x00, 0x80000002)
T20B8 000:731.282 - 0.173ms returns 0
T20B8 000:731.294 JLINK_CORESIGHT_WriteAPDPReg(AP reg 0x01, 0x80011130)
T20B8 000:731.515 - 0.221ms returns 0
T20B8 000:731.527 JLINK_CORESIGHT_ReadAPDPReg(AP reg 0x03)
T20B8 000:731.743   Value=0xFFFFFFFF
T20B8 000:731.752 - 0.224ms returns 0
T20B8 000:731.762 JLINK_CORESIGHT_WriteAPDPReg(AP reg 0x00, 0x80000002)
T20B8 000:731.929 - 0.166ms returns 0
T20B8 000:731.943 JLINK_CORESIGHT_WriteAPDPReg(AP reg 0x01, 0x80011140)
T20B8 000:732.120 - 0.176ms returns 0
T20B8 000:732.140 JLINK_CORESIGHT_ReadAPDPReg(AP reg 0x03)
T20B8 000:732.418   Value=0x00000000
T20B8 000:732.434 - 0.294ms returns 0
T20B8 000:732.449 JLINK_CORESIGHT_WriteAPDPReg(AP reg 0x00, 0x80000002)
T20B8 000:732.629 - 0.179ms returns 0
T20B8 000:732.649 JLINK_CORESIGHT_WriteAPDPReg(AP reg 0x01, 0x80011130)
T20B8 000:732.829 - 0.180ms returns 0
T20B8 000:733.363 JLINK_CORESIGHT_ReadAPDPReg(AP reg 0x03)
T20B8 000:733.658   Value=0x000385FF
T20B8 000:733.673 - 0.310ms returns 0
T20B8 000:733.737 JLINK_CORESIGHT_WriteAPDPReg(AP reg 0x00, 0x80000002)
T20B8 000:733.948 - 0.211ms returns 0
T20B8 000:733.958 JLINK_CORESIGHT_WriteAPDPReg(AP reg 0x01, 0x80011140)
T20B8 000:734.147 - 0.188ms returns 0
T20B8 000:734.163 JLINK_CORESIGHT_ReadAPDPReg(AP reg 0x03)
T20B8 000:734.410   Value=0x00000002
T20B8 000:734.431 - 0.267ms returns 0
T20B8 000:734.443 JLINK_CORESIGHT_WriteAPDPReg(AP reg 0x00, 0x80000002)
T20B8 000:734.642 - 0.199ms returns 0
T20B8 000:734.656 JLINK_CORESIGHT_WriteAPDPReg(AP reg 0x01, 0x80011120)
T20B8 000:734.832 - 0.175ms returns 0
T20B8 000:734.845 JLINK_CORESIGHT_WriteAPDPReg(AP reg 0x03, 0x2C010001)
T20B8 000:735.020 - 0.175ms returns 0
T20B8 000:735.033 JLINK_CORESIGHT_WriteAPDPReg(AP reg 0x00, 0x80000002)
T20B8 000:735.217 - 0.184ms returns 0
T20B8 000:735.238 JLINK_CORESIGHT_WriteAPDPReg(AP reg 0x01, 0x80011140)
T20B8 000:735.411 - 0.173ms returns 0
T20B8 000:735.425 JLINK_CORESIGHT_ReadAPDPReg(AP reg 0x03)
T20B8 000:735.670   Value=0x00000002
T20B8 000:735.684 - 0.259ms returns 0
T20B8 000:735.694 JLINK_CORESIGHT_WriteAPDPReg(AP reg 0x00, 0x80000002)
T20B8 000:735.884 - 0.189ms returns 0
T20B8 000:735.896 JLINK_CORESIGHT_WriteAPDPReg(AP reg 0x01, 0x80011120)
T20B8 000:736.076 - 0.179ms returns 0
T20B8 000:736.088 JLINK_CORESIGHT_WriteAPDPReg(AP reg 0x03, 0x000003D3)
T20B8 000:736.271 - 0.183ms returns 0
T20B8 000:736.283 JLINK_CORESIGHT_WriteAPDPReg(AP reg 0x00, 0x80000002)
T20B8 000:736.459 - 0.175ms returns 0
T20B8 000:736.477 JLINK_CORESIGHT_WriteAPDPReg(AP reg 0x01, 0x80011140)
T20B8 000:736.653 - 0.176ms returns 0
T20B8 000:736.663 JLINK_CORESIGHT_ReadAPDPReg(AP reg 0x03)
T20B8 000:736.916   Value=0x00000002
T20B8 000:736.930 - 0.266ms returns 0
T20B8 000:736.940 JLINK_CORESIGHT_ReadAPDPReg(AP reg 0x03)
T20B8 000:737.163   Value=0x00000002
T20B8 000:737.175 - 0.236ms returns 0
T20B8 000:737.190 JLINK_CORESIGHT_ReadAPDPReg(AP reg 0x03)
T20B8 000:737.430   Value=0x00000002
T20B8 000:737.442 - 0.252ms returns 0
T20B8 000:737.452 JLINK_CORESIGHT_ReadAPDPReg(AP reg 0x03)
T20B8 000:737.679   Value=0x00000002
T20B8 000:737.691 - 0.239ms returns 0
T20B8 000:737.701 JLINK_CORESIGHT_ReadAPDPReg(AP reg 0x03)
T20B8 000:737.926   Value=0x00000002
T20B8 000:737.940 - 0.239ms returns 0
T20B8 000:737.951 JLINK_CORESIGHT_ReadAPDPReg(AP reg 0x03)
T20B8 000:738.187   Value=0x00000000
T20B8 000:738.201 - 0.250ms returns 0
T20B8 000:738.211 JLINK_CORESIGHT_WriteAPDPReg(AP reg 0x00, 0x80000002)
T20B8 000:738.411 - 0.200ms returns 0
T20B8 000:738.423 JLINK_CORESIGHT_WriteAPDPReg(AP reg 0x01, 0x80011130)
T20B8 000:738.614 - 0.190ms returns 0
T20B8 000:738.626 JLINK_CORESIGHT_ReadAPDPReg(AP reg 0x03)
T20B8 000:738.859   Value=0x2C020081
T20B8 000:738.872 - 0.246ms returns 0
T20B8 000:738.881 JLINK_CORESIGHT_WriteAPDPReg(AP reg 0x00, 0x80000002)
T20B8 000:739.066 - 0.184ms returns 0
T20B8 000:739.094 JLINK_CORESIGHT_WriteAPDPReg(AP reg 0x01, 0x80011140)
T20B8 000:739.299 - 0.205ms returns 0
T20B8 000:739.319 JLINK_CORESIGHT_ReadAPDPReg(AP reg 0x03)
T20B8 000:739.573   Value=0x00000000
T20B8 000:739.584 - 0.266ms returns 0
T20B8 000:739.592 JLINK_CORESIGHT_WriteAPDPReg(AP reg 0x00, 0x80000002)
T20B8 000:739.781 - 0.189ms returns 0
T20B8 000:739.791 JLINK_CORESIGHT_WriteAPDPReg(AP reg 0x01, 0x80011130)
T20B8 000:739.976 - 0.184ms returns 0
T20B8 000:739.986 JLINK_CORESIGHT_ReadAPDPReg(AP reg 0x03)
T20B8 000:740.223   Value=0x0003CE04
T20B8 000:740.234 - 0.247ms returns 0
T20B8 000:740.246 JLINK_CORESIGHT_WriteAPDPReg(AP reg 0x00, 0x80000002)
T20B8 000:740.432 - 0.185ms returns 0
T20B8 000:740.442 JLINK_CORESIGHT_WriteAPDPReg(AP reg 0x01, 0x80011140)
T20B8 000:740.649 - 0.207ms returns 0
T20B8 000:740.665 JLINK_CORESIGHT_ReadAPDPReg(AP reg 0x03)
T20B8 000:740.915   Value=0x00000002
T20B8 000:740.929 - 0.264ms returns 0
T20B8 000:740.940 JLINK_CORESIGHT_WriteAPDPReg(AP reg 0x00, 0x80000002)
T20B8 000:741.123 - 0.183ms returns 0
T20B8 000:741.136 JLINK_CORESIGHT_WriteAPDPReg(AP reg 0x01, 0x80011120)
T20B8 000:741.320 - 0.184ms returns 0
T20B8 000:741.334 JLINK_CORESIGHT_WriteAPDPReg(AP reg 0x03, 0x73010001)
T20B8 000:741.574 - 0.240ms returns 0
T20B8 000:741.599 JLINK_CORESIGHT_WriteAPDPReg(AP reg 0x00, 0x80000002)
T20B8 000:741.812 - 0.212ms returns 0
T20B8 000:741.836 JLINK_CORESIGHT_WriteAPDPReg(AP reg 0x01, 0x80011140)
T20B8 000:742.092 - 0.257ms returns 0
T20B8 000:742.110 JLINK_CORESIGHT_ReadAPDPReg(AP reg 0x03)
T20B8 000:742.416   Value=0x00000002
T20B8 000:742.430 - 0.320ms returns 0
T20B8 000:742.441 JLINK_CORESIGHT_WriteAPDPReg(AP reg 0x00, 0x80000002)
T20B8 000:742.659 - 0.218ms returns 0
T20B8 000:742.681 JLINK_CORESIGHT_WriteAPDPReg(AP reg 0x01, 0x80011120)
T20B8 000:742.922 - 0.240ms returns 0
T20B8 000:742.945 JLINK_CORESIGHT_WriteAPDPReg(AP reg 0x03, 0x0000038C)
T20B8 000:743.144 - 0.198ms returns 0
T20B8 000:743.159 JLINK_CORESIGHT_WriteAPDPReg(AP reg 0x00, 0x80000002)
T20B8 000:743.434 - 0.275ms returns 0
T20B8 000:743.445 JLINK_CORESIGHT_WriteAPDPReg(AP reg 0x01, 0x80011140)
T20B8 000:743.632 - 0.186ms returns 0
T20B8 000:743.642 JLINK_CORESIGHT_ReadAPDPReg(AP reg 0x03)
T20B8 000:743.868   Value=0x00000002
T20B8 000:743.877 - 0.234ms returns 0
T20B8 000:743.883 JLINK_CORESIGHT_ReadAPDPReg(AP reg 0x03)
T20B8 000:744.114   Value=0x00000002
T20B8 000:744.124 - 0.240ms returns 0
T20B8 000:744.130 JLINK_CORESIGHT_ReadAPDPReg(AP reg 0x03)
T20B8 000:744.414   Value=0x00000002
T20B8 000:744.434 - 0.303ms returns 0
T20B8 000:744.445 JLINK_CORESIGHT_ReadAPDPReg(AP reg 0x03)
T20B8 000:744.677   Value=0x00000002
T20B8 000:744.687 - 0.242ms returns 0
T20B8 000:744.694 JLINK_CORESIGHT_ReadAPDPReg(AP reg 0x03)
T20B8 000:744.912   Value=0x00000002
T20B8 000:744.922 - 0.228ms returns 0
T20B8 000:744.929 JLINK_CORESIGHT_ReadAPDPReg(AP reg 0x03)
T20B8 000:745.143   Value=0x00000002
T20B8 000:745.152 - 0.223ms returns 0
T20B8 000:745.159 JLINK_CORESIGHT_ReadAPDPReg(AP reg 0x03)
T20B8 000:745.434   Value=0x00000002
T20B8 000:745.446 - 0.287ms returns 0
T20B8 000:745.453 JLINK_CORESIGHT_ReadAPDPReg(AP reg 0x03)
T20B8 000:745.669   Value=0x00000000
T20B8 000:745.683 - 0.230ms returns 0
T20B8 000:745.691 JLINK_CORESIGHT_WriteAPDPReg(AP reg 0x00, 0x80000002)
T20B8 000:745.881 - 0.189ms returns 0
T20B8 000:745.901 JLINK_CORESIGHT_WriteAPDPReg(AP reg 0x01, 0x80011130)
T20B8 000:746.087 - 0.185ms returns 0
T20B8 000:746.099 JLINK_CORESIGHT_ReadAPDPReg(AP reg 0x03)
T20B8 000:746.329   Value=0x73020081
T20B8 000:746.341 - 0.242ms returns 0
T20B8 000:746.348 JLINK_CORESIGHT_WriteAPDPReg(AP reg 0x00, 0x80000002)
T20B8 000:746.517 - 0.169ms returns 0
T20B8 000:746.527 JLINK_CORESIGHT_WriteAPDPReg(AP reg 0x01, 0x80011140)
T20B8 000:746.700 - 0.172ms returns 0
T20B8 000:746.715 JLINK_CORESIGHT_ReadAPDPReg(AP reg 0x03)
T20B8 000:746.937   Value=0x00000000
T20B8 000:746.947 - 0.231ms returns 0
T20B8 000:746.954 JLINK_CORESIGHT_WriteAPDPReg(AP reg 0x00, 0x80000002)
T20B8 000:747.136 - 0.181ms returns 0
T20B8 000:747.145 JLINK_CORESIGHT_WriteAPDPReg(AP reg 0x01, 0x80011130)
T20B8 000:747.327 - 0.182ms returns 0
T20B8 000:747.337 JLINK_CORESIGHT_ReadAPDPReg(AP reg 0x03)
T20B8 000:747.568   Value=0x00038902
T20B8 000:747.577 - 0.240ms returns 0
T20B8 000:747.585 JLINK_CORESIGHT_WriteAPDPReg(AP reg 0x00, 0x80000002)
T20B8 000:747.765 - 0.179ms returns 0
T20B8 000:747.774 JLINK_CORESIGHT_WriteAPDPReg(AP reg 0x01, 0x80011140)
T20B8 000:747.958 - 0.184ms returns 0
T20B8 000:747.967 JLINK_CORESIGHT_ReadAPDPReg(AP reg 0x03)
T20B8 000:748.190   Value=0x00000002
T20B8 000:748.199 - 0.232ms returns 0
T20B8 000:748.205 JLINK_CORESIGHT_WriteAPDPReg(AP reg 0x00, 0x80000002)
T20B8 000:748.411 - 0.205ms returns 0
T20B8 000:748.420 JLINK_CORESIGHT_WriteAPDPReg(AP reg 0x01, 0x80011120)
T20B8 000:748.607 - 0.187ms returns 0
T20B8 000:748.616 JLINK_CORESIGHT_WriteAPDPReg(AP reg 0x03, 0x75010001)
T20B8 000:748.822 - 0.205ms returns 0
T20B8 000:748.842 JLINK_CORESIGHT_WriteAPDPReg(AP reg 0x00, 0x80000002)
T20B8 000:749.040 - 0.198ms returns 0
T20B8 000:749.056 JLINK_CORESIGHT_WriteAPDPReg(AP reg 0x01, 0x80011140)
T20B8 000:749.247 - 0.191ms returns 0
T20B8 000:749.260 JLINK_CORESIGHT_ReadAPDPReg(AP reg 0x03)
T20B8 000:749.492   Value=0x00000002
T20B8 000:749.505 - 0.245ms returns 0
T20B8 000:749.513 JLINK_CORESIGHT_WriteAPDPReg(AP reg 0x00, 0x80000002)
T20B8 000:749.690 - 0.177ms returns 0
T20B8 000:749.703 JLINK_CORESIGHT_WriteAPDPReg(AP reg 0x01, 0x80011120)
T20B8 000:749.877 - 0.173ms returns 0
T20B8 000:749.897 JLINK_CORESIGHT_WriteAPDPReg(AP reg 0x03, 0x0000038A)
T20B8 000:750.073 - 0.175ms returns 0
T20B8 000:750.084 JLINK_CORESIGHT_WriteAPDPReg(AP reg 0x00, 0x80000002)
T20B8 000:750.286 - 0.201ms returns 0
T20B8 000:750.297 JLINK_CORESIGHT_WriteAPDPReg(AP reg 0x01, 0x80011140)
T20B8 000:750.587 - 0.290ms returns 0
T20B8 000:750.606 JLINK_CORESIGHT_ReadAPDPReg(AP reg 0x03)
T20B8 000:750.875   Value=0x00000000
T20B8 000:750.885 - 0.279ms returns 0
T20B8 000:750.893 JLINK_CORESIGHT_WriteAPDPReg(AP reg 0x00, 0x80000002)
T20B8 000:751.085 - 0.192ms returns 0
T20B8 000:751.100 JLINK_CORESIGHT_WriteAPDPReg(AP reg 0x01, 0x80011130)
T20B8 000:751.276 - 0.176ms returns 0
T20B8 000:751.285 JLINK_CORESIGHT_ReadAPDPReg(AP reg 0x03)
T20B8 000:751.570   Value=0x75020081
T20B8 000:751.581 - 0.296ms returns 0
T20B8 000:751.589 JLINK_CORESIGHT_WriteAPDPReg(AP reg 0x00, 0x80000002)
T20B8 000:751.773 - 0.184ms returns 0
T20B8 000:751.789 JLINK_CORESIGHT_WriteAPDPReg(AP reg 0x01, 0x80011140)
T20B8 000:751.969 - 0.180ms returns 0
T20B8 000:751.992 JLINK_CORESIGHT_ReadAPDPReg(AP reg 0x03)
T20B8 000:752.241   Value=0x00000000
T20B8 000:752.261 - 0.269ms returns 0
T20B8 000:752.271 JLINK_CORESIGHT_WriteAPDPReg(AP reg 0x00, 0x80000002)
T20B8 000:752.530 - 0.258ms returns 0
T20B8 000:752.551 JLINK_CORESIGHT_WriteAPDPReg(AP reg 0x01, 0x80011130)
T20B8 000:752.735 - 0.184ms returns 0
T20B8 000:752.753 JLINK_CORESIGHT_ReadAPDPReg(AP reg 0x03)
T20B8 000:753.012   Value=0x00038702
T20B8 000:753.036 - 0.283ms returns 0
T20B8 000:753.060 JLINK_CORESIGHT_WriteAPDPReg(AP reg 0x00, 0x80000002)
T20B8 000:753.287 - 0.227ms returns 0
T20B8 000:753.312 JLINK_CORESIGHT_WriteAPDPReg(AP reg 0x01, 0x80011140)
T20B8 000:753.525 - 0.212ms returns 0
T20B8 000:753.541 JLINK_CORESIGHT_ReadAPDPReg(AP reg 0x03)
T20B8 000:753.770   Value=0x00000002
T20B8 000:753.783 - 0.242ms returns 0
T20B8 000:753.793 JLINK_CORESIGHT_WriteAPDPReg(AP reg 0x00, 0x80000002)
T20B8 000:753.996 - 0.203ms returns 0
T20B8 000:754.018 JLINK_CORESIGHT_WriteAPDPReg(AP reg 0x01, 0x80011120)
T20B8 000:754.219 - 0.201ms returns 0
T20B8 000:754.232 JLINK_CORESIGHT_WriteAPDPReg(AP reg 0x03, 0x4F010001)
T20B8 000:754.414 - 0.181ms returns 0
T20B8 000:754.444 JLINK_CORESIGHT_WriteAPDPReg(AP reg 0x00, 0x80000002)
T20B8 000:754.639 - 0.195ms returns 0
T20B8 000:754.656 JLINK_CORESIGHT_WriteAPDPReg(AP reg 0x01, 0x80011140)
T20B8 000:754.846 - 0.190ms returns 0
T20B8 000:754.861 JLINK_CORESIGHT_ReadAPDPReg(AP reg 0x03)
T20B8 000:755.100   Value=0x00000002
T20B8 000:755.116 - 0.254ms returns 0
T20B8 000:755.127 JLINK_CORESIGHT_WriteAPDPReg(AP reg 0x00, 0x80000002)
T20B8 000:755.336 - 0.209ms returns 0
T20B8 000:755.350 JLINK_CORESIGHT_WriteAPDPReg(AP reg 0x01, 0x80011120)
T20B8 000:755.550 - 0.200ms returns 0
T20B8 000:755.566 JLINK_CORESIGHT_WriteAPDPReg(AP reg 0x03, 0x000003B0)
T20B8 000:755.759 - 0.193ms returns 0
T20B8 000:755.781 JLINK_CORESIGHT_WriteAPDPReg(AP reg 0x00, 0x80000002)
T20B8 000:755.973 - 0.192ms returns 0
T20B8 000:755.992 JLINK_CORESIGHT_WriteAPDPReg(AP reg 0x01, 0x80011140)
T20B8 000:756.182 - 0.190ms returns 0
T20B8 000:756.196 JLINK_CORESIGHT_ReadAPDPReg(AP reg 0x03)
T20B8 000:756.429   Value=0x00000002
T20B8 000:756.438 - 0.242ms returns 0
T20B8 000:756.445 JLINK_CORESIGHT_ReadAPDPReg(AP reg 0x03)
T20B8 000:756.656   Value=0x00000002
T20B8 000:756.668 - 0.223ms returns 0
T20B8 000:756.676 JLINK_CORESIGHT_ReadAPDPReg(AP reg 0x03)
T20B8 000:756.898   Value=0x00000002
T20B8 000:756.912 - 0.235ms returns 0
T20B8 000:756.919 JLINK_CORESIGHT_ReadAPDPReg(AP reg 0x03)
T20B8 000:757.141   Value=0x00000002
T20B8 000:757.150 - 0.231ms returns 0
T20B8 000:757.157 JLINK_CORESIGHT_ReadAPDPReg(AP reg 0x03)
T20B8 000:757.409   Value=0x00000002
T20B8 000:757.419 - 0.262ms returns 0
T20B8 000:757.426 JLINK_CORESIGHT_ReadAPDPReg(AP reg 0x03)
T20B8 000:757.643   Value=0x00000002
T20B8 000:757.652 - 0.226ms returns 0
T20B8 000:757.659 JLINK_CORESIGHT_ReadAPDPReg(AP reg 0x03)
T20B8 000:757.876   Value=0x00000002
T20B8 000:757.885 - 0.225ms returns 0
T20B8 000:757.891 JLINK_CORESIGHT_ReadAPDPReg(AP reg 0x03)
T20B8 000:758.104   Value=0x00000002
T20B8 000:758.112 - 0.220ms returns 0
T20B8 000:758.119 JLINK_CORESIGHT_ReadAPDPReg(AP reg 0x03)
T20B8 000:758.410   Value=0x00000002
T20B8 000:758.419 - 0.300ms returns 0
T20B8 000:758.431 JLINK_CORESIGHT_ReadAPDPReg(AP reg 0x03)
T20B8 000:758.671   Value=0x00000002
T20B8 000:758.686 - 0.254ms returns 0
T20B8 000:758.703 JLINK_CORESIGHT_ReadAPDPReg(AP reg 0x03)
T20B8 000:758.922   Value=0x00000002
T20B8 000:758.932 - 0.229ms returns 0
T20B8 000:758.943 JLINK_CORESIGHT_ReadAPDPReg(AP reg 0x03)
T20B8 000:759.162   Value=0x00000002
T20B8 000:759.170 - 0.228ms returns 0
T20B8 000:759.181 JLINK_CORESIGHT_ReadAPDPReg(AP reg 0x03)
T20B8 000:759.410   Value=0x00000002
T20B8 000:759.419 - 0.238ms returns 0
T20B8 000:759.429 JLINK_CORESIGHT_ReadAPDPReg(AP reg 0x03)
T20B8 000:759.644   Value=0x00000000
T20B8 000:759.653 - 0.224ms returns 0
T20B8 000:759.663 JLINK_CORESIGHT_WriteAPDPReg(AP reg 0x00, 0x80000002)
T20B8 000:759.839 - 0.175ms returns 0
T20B8 000:759.858 JLINK_CORESIGHT_WriteAPDPReg(AP reg 0x01, 0x80011130)
T20B8 000:760.040 - 0.181ms returns 0
T20B8 000:760.053 JLINK_CORESIGHT_ReadAPDPReg(AP reg 0x03)
T20B8 000:760.265   Value=0x4F0B0081
T20B8 000:760.273 - 0.219ms returns 0
T20B8 000:760.283 JLINK_CORESIGHT_WriteAPDPReg(AP reg 0x00, 0x80000002)
T20B8 000:760.479 - 0.195ms returns 0
T20B8 000:760.496 JLINK_CORESIGHT_WriteAPDPReg(AP reg 0x01, 0x80011140)
T20B8 000:760.684 - 0.188ms returns 0
T20B8 000:760.698 JLINK_CORESIGHT_ReadAPDPReg(AP reg 0x03)
T20B8 000:760.926   Value=0x00000000
T20B8 000:760.939 - 0.241ms returns 0
T20B8 000:760.951 JLINK_CORESIGHT_WriteAPDPReg(AP reg 0x00, 0x80000002)
T20B8 000:761.133 - 0.181ms returns 0
T20B8 000:761.148 JLINK_CORESIGHT_WriteAPDPReg(AP reg 0x01, 0x80011130)
T20B8 000:761.323 - 0.174ms returns 0
T20B8 000:761.335 JLINK_CORESIGHT_ReadAPDPReg(AP reg 0x03)
T20B8 000:761.562   Value=0x20000000
T20B8 000:761.571 - 0.235ms returns 0
T20B8 000:761.582 JLINK_CORESIGHT_WriteAPDPReg(AP reg 0x00, 0x80000002)
T20B8 000:761.750 - 0.168ms returns 0
T20B8 000:761.762 JLINK_CORESIGHT_WriteAPDPReg(AP reg 0x01, 0x80011140)
T20B8 000:761.931 - 0.168ms returns 0
T20B8 000:761.943 JLINK_CORESIGHT_ReadAPDPReg(AP reg 0x03)
T20B8 000:762.167   Value=0x00000000
T20B8 000:762.177 - 0.234ms returns 0
T20B8 000:762.188 JLINK_CORESIGHT_WriteAPDPReg(AP reg 0x00, 0x80000002)
T20B8 000:762.410 - 0.221ms returns 0
T20B8 000:762.422 JLINK_CORESIGHT_WriteAPDPReg(AP reg 0x01, 0x80011130)
T20B8 000:762.591 - 0.168ms returns 0
T20B8 000:762.603 JLINK_CORESIGHT_ReadAPDPReg(AP reg 0x03)
T20B8 000:762.815   Value=0x00000000
T20B8 000:762.824 - 0.221ms returns 0
T20B8 000:762.834 JLINK_CORESIGHT_WriteAPDPReg(AP reg 0x00, 0x80000002)
T20B8 000:762.999 - 0.165ms returns 0
T20B8 000:763.011 JLINK_CORESIGHT_WriteAPDPReg(AP reg 0x01, 0x80011140)
T20B8 000:763.174 - 0.163ms returns 0
T20B8 000:763.186 JLINK_CORESIGHT_ReadAPDPReg(AP reg 0x03)
T20B8 000:763.411   Value=0x00000000
T20B8 000:763.426 - 0.239ms returns 0
T20B8 000:763.448 JLINK_CORESIGHT_WriteAPDPReg(AP reg 0x00, 0x80000002)
T20B8 000:763.627 - 0.179ms returns 0
T20B8 000:763.640 JLINK_CORESIGHT_WriteAPDPReg(AP reg 0x01, 0x80011130)
T20B8 000:763.809 - 0.169ms returns 0
T20B8 000:763.821 JLINK_CORESIGHT_ReadAPDPReg(AP reg 0x03)
T20B8 000:764.036   Value=0x03860000
T20B8 000:764.045 - 0.223ms returns 0
T20B8 000:764.515 JLINK_CORESIGHT_WriteAPDPReg(AP reg 0x00, 0x80000002)
T20B8 000:764.700 - 0.185ms returns 0
T20B8 000:764.710 JLINK_CORESIGHT_WriteAPDPReg(AP reg 0x01, 0x80011140)
T20B8 000:764.905 - 0.195ms returns 0
T20B8 000:764.914 JLINK_CORESIGHT_ReadAPDPReg(AP reg 0x03)
T20B8 000:765.138   Value=0x00000002
T20B8 000:765.147 - 0.233ms returns 0
T20B8 000:765.154 JLINK_CORESIGHT_WriteAPDPReg(AP reg 0x00, 0x80000002)
T20B8 000:765.327 - 0.173ms returns 0
T20B8 000:765.335 JLINK_CORESIGHT_WriteAPDPReg(AP reg 0x01, 0x80011120)
T20B8 000:765.513 - 0.177ms returns 0
T20B8 000:765.534 JLINK_CORESIGHT_WriteAPDPReg(AP reg 0x03, 0x2C010001)
T20B8 000:765.735 - 0.201ms returns 0
T20B8 000:765.752 JLINK_CORESIGHT_WriteAPDPReg(AP reg 0x00, 0x80000002)
T20B8 000:765.941 - 0.188ms returns 0
T20B8 000:765.953 JLINK_CORESIGHT_WriteAPDPReg(AP reg 0x01, 0x80011140)
T20B8 000:766.152 - 0.198ms returns 0
T20B8 000:766.163 JLINK_CORESIGHT_ReadAPDPReg(AP reg 0x03)
T20B8 000:766.424   Value=0x00000002
T20B8 000:766.440 - 0.277ms returns 0
T20B8 000:766.450 JLINK_CORESIGHT_WriteAPDPReg(AP reg 0x00, 0x80000002)
T20B8 000:766.647 - 0.197ms returns 0
T20B8 000:766.658 JLINK_CORESIGHT_WriteAPDPReg(AP reg 0x01, 0x80011120)
T20B8 000:766.867 - 0.208ms returns 0
T20B8 000:766.877 JLINK_CORESIGHT_WriteAPDPReg(AP reg 0x03, 0x000003D3)
T20B8 000:767.177 - 0.300ms returns 0
T20B8 000:767.194 JLINK_CORESIGHT_WriteAPDPReg(AP reg 0x00, 0x80000002)
T20B8 000:767.413 - 0.218ms returns 0
T20B8 000:767.428 JLINK_CORESIGHT_WriteAPDPReg(AP reg 0x01, 0x80011140)
T20B8 000:767.663 - 0.235ms returns 0
T20B8 000:767.677 JLINK_CORESIGHT_ReadAPDPReg(AP reg 0x03)
T20B8 000:767.918   Value=0x00000002
T20B8 000:767.932 - 0.254ms returns 0
T20B8 000:767.942 JLINK_CORESIGHT_ReadAPDPReg(AP reg 0x03)
T20B8 000:768.181   Value=0x00000002
T20B8 000:768.196 - 0.253ms returns 0
T20B8 000:768.204 JLINK_CORESIGHT_ReadAPDPReg(AP reg 0x03)
T20B8 000:768.441   Value=0x00000002
T20B8 000:768.451 - 0.247ms returns 0
T20B8 000:768.458 JLINK_CORESIGHT_ReadAPDPReg(AP reg 0x03)
T20B8 000:768.688   Value=0x00000002
T20B8 000:768.700 - 0.241ms returns 0
T20B8 000:768.706 JLINK_CORESIGHT_ReadAPDPReg(AP reg 0x03)
T20B8 000:768.923   Value=0x00000002
T20B8 000:768.932 - 0.225ms returns 0
T20B8 000:768.938 JLINK_CORESIGHT_ReadAPDPReg(AP reg 0x03)
T20B8 000:769.157   Value=0x00000002
T20B8 000:769.179 - 0.240ms returns 0
T20B8 000:769.190 JLINK_CORESIGHT_ReadAPDPReg(AP reg 0x03)
T20B8 000:769.418   Value=0x00000002
T20B8 000:769.428 - 0.238ms returns 0
T20B8 000:769.435 JLINK_CORESIGHT_ReadAPDPReg(AP reg 0x03)
T20B8 000:769.654   Value=0x00000002
T20B8 000:769.663 - 0.228ms returns 0
T20B8 000:769.670 JLINK_CORESIGHT_ReadAPDPReg(AP reg 0x03)
T20B8 000:769.884   Value=0x00000002
T20B8 000:769.892 - 0.222ms returns 0
T20B8 000:769.903 JLINK_CORESIGHT_ReadAPDPReg(AP reg 0x03)
T20B8 000:770.122   Value=0x00000000
T20B8 000:770.133 - 0.230ms returns 0
T20B8 000:770.141 JLINK_CORESIGHT_WriteAPDPReg(AP reg 0x00, 0x80000002)
T20B8 000:770.461 - 0.320ms returns 0
T20B8 000:770.475 JLINK_CORESIGHT_WriteAPDPReg(AP reg 0x01, 0x80011130)
T20B8 000:770.999 - 0.523ms returns 0
T20B8 000:771.010 JLINK_CORESIGHT_ReadAPDPReg(AP reg 0x03)
T20B8 000:771.417   Value=0x2C020081
T20B8 000:771.426 - 0.416ms returns 0
T20B8 000:771.434 JLINK_CORESIGHT_WriteAPDPReg(AP reg 0x00, 0x80000002)
T20B8 000:771.632 - 0.198ms returns 0
T20B8 000:771.648 JLINK_CORESIGHT_WriteAPDPReg(AP reg 0x01, 0x80011140)
T20B8 000:771.842 - 0.194ms returns 0
T20B8 000:771.852 JLINK_CORESIGHT_ReadAPDPReg(AP reg 0x03)
T20B8 000:772.094   Value=0x00000000
T20B8 000:772.103 - 0.251ms returns 0
T20B8 000:772.110 JLINK_CORESIGHT_WriteAPDPReg(AP reg 0x00, 0x80000002)
T20B8 000:772.286 - 0.176ms returns 0
T20B8 000:772.295 JLINK_CORESIGHT_WriteAPDPReg(AP reg 0x01, 0x80011130)
T20B8 000:772.524 - 0.229ms returns 0
T20B8 000:772.533 JLINK_CORESIGHT_ReadAPDPReg(AP reg 0x03)
T20B8 000:772.773   Value=0x0003CE04
T20B8 000:772.784 - 0.250ms returns 0
T20B8 000:772.797 JLINK_CORESIGHT_WriteAPDPReg(AP reg 0x00, 0x80000002)
T20B8 000:773.041 - 0.244ms returns 0
T20B8 000:773.052 JLINK_CORESIGHT_WriteAPDPReg(AP reg 0x01, 0x80011140)
T20B8 000:773.244 - 0.191ms returns 0
T20B8 000:773.253 JLINK_CORESIGHT_ReadAPDPReg(AP reg 0x03)
T20B8 000:773.488   Value=0x00000002
T20B8 000:773.498 - 0.244ms returns 0
T20B8 000:773.505 JLINK_CORESIGHT_WriteAPDPReg(AP reg 0x00, 0x80000002)
T20B8 000:773.688 - 0.183ms returns 0
T20B8 000:773.697 JLINK_CORESIGHT_WriteAPDPReg(AP reg 0x01, 0x80011120)
T20B8 000:773.875 - 0.177ms returns 0
T20B8 000:773.889 JLINK_CORESIGHT_WriteAPDPReg(AP reg 0x03, 0x73010001)
T20B8 000:774.074 - 0.185ms returns 0
T20B8 000:774.083 JLINK_CORESIGHT_WriteAPDPReg(AP reg 0x00, 0x80000002)
T20B8 000:774.256 - 0.172ms returns 0
T20B8 000:774.264 JLINK_CORESIGHT_WriteAPDPReg(AP reg 0x01, 0x80011140)
T20B8 000:774.436 - 0.171ms returns 0
T20B8 000:774.444 JLINK_CORESIGHT_ReadAPDPReg(AP reg 0x03)
T20B8 000:774.663   Value=0x00000002
T20B8 000:774.672 - 0.227ms returns 0
T20B8 000:774.678 JLINK_CORESIGHT_WriteAPDPReg(AP reg 0x00, 0x80000002)
T20B8 000:774.858 - 0.179ms returns 0
T20B8 000:774.866 JLINK_CORESIGHT_WriteAPDPReg(AP reg 0x01, 0x80011120)
T20B8 000:775.045 - 0.178ms returns 0
T20B8 000:775.059 JLINK_CORESIGHT_WriteAPDPReg(AP reg 0x03, 0x0000038C)
T20B8 000:775.247 - 0.187ms returns 0
T20B8 000:775.261 JLINK_CORESIGHT_WriteAPDPReg(AP reg 0x00, 0x80000002)
T20B8 000:775.447 - 0.186ms returns 0
T20B8 000:775.459 JLINK_CORESIGHT_WriteAPDPReg(AP reg 0x01, 0x80011140)
T20B8 000:775.650 - 0.191ms returns 0
T20B8 000:775.664 JLINK_CORESIGHT_ReadAPDPReg(AP reg 0x03)
T20B8 000:775.902   Value=0x00000002
T20B8 000:775.915 - 0.251ms returns 0
T20B8 000:775.925 JLINK_CORESIGHT_ReadAPDPReg(AP reg 0x03)
T20B8 000:776.155   Value=0x00000002
T20B8 000:776.169 - 0.244ms returns 0
T20B8 000:776.179 JLINK_CORESIGHT_ReadAPDPReg(AP reg 0x03)
T20B8 000:776.415   Value=0x00000002
T20B8 000:776.429 - 0.249ms returns 0
T20B8 000:776.439 JLINK_CORESIGHT_ReadAPDPReg(AP reg 0x03)
T20B8 000:776.678   Value=0x00000002
T20B8 000:776.689 - 0.250ms returns 0
T20B8 000:776.696 JLINK_CORESIGHT_ReadAPDPReg(AP reg 0x03)
T20B8 000:776.909   Value=0x00000002
T20B8 000:776.917 - 0.221ms returns 0
T20B8 000:776.923 JLINK_CORESIGHT_ReadAPDPReg(AP reg 0x03)
T20B8 000:777.143   Value=0x00000002
T20B8 000:777.152 - 0.228ms returns 0
T20B8 000:777.158 JLINK_CORESIGHT_ReadAPDPReg(AP reg 0x03)
T20B8 000:777.412   Value=0x00000002
T20B8 000:777.422 - 0.263ms returns 0
T20B8 000:777.428 JLINK_CORESIGHT_ReadAPDPReg(AP reg 0x03)
T20B8 000:777.650   Value=0x00000002
T20B8 000:777.664 - 0.235ms returns 0
T20B8 000:777.674 JLINK_CORESIGHT_ReadAPDPReg(AP reg 0x03)
T20B8 000:777.923   Value=0x00000002
T20B8 000:777.936 - 0.262ms returns 0
T20B8 000:777.946 JLINK_CORESIGHT_ReadAPDPReg(AP reg 0x03)
T20B8 000:778.185   Value=0x00000002
T20B8 000:778.197 - 0.251ms returns 0
T20B8 000:778.207 JLINK_CORESIGHT_ReadAPDPReg(AP reg 0x03)
T20B8 000:778.437   Value=0x00000002
T20B8 000:778.450 - 0.242ms returns 0
T20B8 000:778.467 JLINK_CORESIGHT_ReadAPDPReg(AP reg 0x03)
T20B8 000:778.700   Value=0x00000002
T20B8 000:778.715 - 0.248ms returns 0
T20B8 000:778.725 JLINK_CORESIGHT_ReadAPDPReg(AP reg 0x03)
T20B8 000:778.955   Value=0x00000002
T20B8 000:778.969 - 0.244ms returns 0
T20B8 000:778.979 JLINK_CORESIGHT_ReadAPDPReg(AP reg 0x03)
T20B8 000:779.207   Value=0x00000000
T20B8 000:779.220 - 0.241ms returns 0
T20B8 000:779.229 JLINK_CORESIGHT_WriteAPDPReg(AP reg 0x00, 0x80000002)
T20B8 000:779.412 - 0.183ms returns 0
T20B8 000:779.425 JLINK_CORESIGHT_WriteAPDPReg(AP reg 0x01, 0x80011130)
T20B8 000:779.605 - 0.179ms returns 0
T20B8 000:779.617 JLINK_CORESIGHT_ReadAPDPReg(AP reg 0x03)
T20B8 000:779.853   Value=0x73020081
T20B8 000:779.867 - 0.250ms returns 0
T20B8 000:779.877 JLINK_CORESIGHT_WriteAPDPReg(AP reg 0x00, 0x80000002)
T20B8 000:780.068 - 0.190ms returns 0
T20B8 000:780.082 JLINK_CORESIGHT_WriteAPDPReg(AP reg 0x01, 0x80011140)
T20B8 000:780.266 - 0.184ms returns 0
T20B8 000:780.279 JLINK_CORESIGHT_ReadAPDPReg(AP reg 0x03)
T20B8 000:780.500   Value=0x00000000
T20B8 000:780.512 - 0.234ms returns 0
T20B8 000:780.522 JLINK_CORESIGHT_WriteAPDPReg(AP reg 0x00, 0x80000002)
T20B8 000:780.707 - 0.185ms returns 0
T20B8 000:780.719 JLINK_CORESIGHT_WriteAPDPReg(AP reg 0x01, 0x80011130)
T20B8 000:780.896 - 0.177ms returns 0
T20B8 000:780.908 JLINK_CORESIGHT_ReadAPDPReg(AP reg 0x03)
T20B8 000:781.142   Value=0x00038902
T20B8 000:781.152 - 0.244ms returns 0
T20B8 000:781.159 JLINK_CORESIGHT_WriteAPDPReg(AP reg 0x00, 0x80000002)
T20B8 000:781.414 - 0.254ms returns 0
T20B8 000:781.427 JLINK_CORESIGHT_WriteAPDPReg(AP reg 0x01, 0x80011140)
T20B8 000:781.599 - 0.172ms returns 0
T20B8 000:781.611 JLINK_CORESIGHT_ReadAPDPReg(AP reg 0x03)
T20B8 000:781.839   Value=0x00000002
T20B8 000:781.851 - 0.239ms returns 0
T20B8 000:781.860 JLINK_CORESIGHT_WriteAPDPReg(AP reg 0x00, 0x80000002)
T20B8 000:782.037 - 0.177ms returns 0
T20B8 000:782.049 JLINK_CORESIGHT_WriteAPDPReg(AP reg 0x01, 0x80011120)
T20B8 000:782.218 - 0.168ms returns 0
T20B8 000:782.231 JLINK_CORESIGHT_WriteAPDPReg(AP reg 0x03, 0x75010001)
T20B8 000:782.415 - 0.184ms returns 0
T20B8 000:782.429 JLINK_CORESIGHT_WriteAPDPReg(AP reg 0x00, 0x80000002)
T20B8 000:782.603 - 0.174ms returns 0
T20B8 000:782.614 JLINK_CORESIGHT_WriteAPDPReg(AP reg 0x01, 0x80011140)
T20B8 000:782.800 - 0.186ms returns 0
T20B8 000:782.815 JLINK_CORESIGHT_ReadAPDPReg(AP reg 0x03)
T20B8 000:783.079   Value=0x00000002
T20B8 000:783.095 - 0.280ms returns 0
T20B8 000:783.104 JLINK_CORESIGHT_WriteAPDPReg(AP reg 0x00, 0x80000002)
T20B8 000:783.312 - 0.207ms returns 0
T20B8 000:783.334 JLINK_CORESIGHT_WriteAPDPReg(AP reg 0x01, 0x80011120)
T20B8 000:783.550 - 0.216ms returns 0
T20B8 000:783.565 JLINK_CORESIGHT_WriteAPDPReg(AP reg 0x03, 0x0000038A)
T20B8 000:783.743 - 0.178ms returns 0
T20B8 000:783.755 JLINK_CORESIGHT_WriteAPDPReg(AP reg 0x00, 0x80000002)
T20B8 000:783.929 - 0.174ms returns 0
T20B8 000:783.939 JLINK_CORESIGHT_WriteAPDPReg(AP reg 0x01, 0x80011140)
T20B8 000:784.112 - 0.172ms returns 0
T20B8 000:784.123 JLINK_CORESIGHT_ReadAPDPReg(AP reg 0x03)
T20B8 000:784.413   Value=0x00000002
T20B8 000:784.424 - 0.300ms returns 0
T20B8 000:784.431 JLINK_CORESIGHT_ReadAPDPReg(AP reg 0x03)
T20B8 000:784.652   Value=0x00000002
T20B8 000:784.663 - 0.231ms returns 0
T20B8 000:784.670 JLINK_CORESIGHT_ReadAPDPReg(AP reg 0x03)
T20B8 000:784.889   Value=0x00000002
T20B8 000:784.900 - 0.230ms returns 0
T20B8 000:784.906 JLINK_CORESIGHT_ReadAPDPReg(AP reg 0x03)
T20B8 000:785.125   Value=0x00000002
T20B8 000:785.134 - 0.228ms returns 0
T20B8 000:785.141 JLINK_CORESIGHT_ReadAPDPReg(AP reg 0x03)
T20B8 000:785.443   Value=0x00000002
T20B8 000:785.459 - 0.317ms returns 0
T20B8 000:785.475 JLINK_CORESIGHT_ReadAPDPReg(AP reg 0x03)
T20B8 000:785.711   Value=0x00000002
T20B8 000:785.724 - 0.249ms returns 0
T20B8 000:785.731 JLINK_CORESIGHT_ReadAPDPReg(AP reg 0x03)
T20B8 000:785.953   Value=0x00000002
T20B8 000:785.963 - 0.231ms returns 0
T20B8 000:785.969 JLINK_CORESIGHT_ReadAPDPReg(AP reg 0x03)
T20B8 000:786.219   Value=0x00000002
T20B8 000:786.229 - 0.259ms returns 0
T20B8 000:786.236 JLINK_CORESIGHT_ReadAPDPReg(AP reg 0x03)
T20B8 000:786.561   Value=0x00000002
T20B8 000:786.597 - 0.360ms returns 0
T20B8 000:786.609 JLINK_CORESIGHT_ReadAPDPReg(AP reg 0x03)
T20B8 000:786.870   Value=0x00000002
T20B8 000:786.882 - 0.273ms returns 0
T20B8 000:786.890 JLINK_CORESIGHT_ReadAPDPReg(AP reg 0x03)
T20B8 000:787.115   Value=0x00000002
T20B8 000:787.125 - 0.235ms returns 0
T20B8 000:787.132 JLINK_CORESIGHT_ReadAPDPReg(AP reg 0x03)
T20B8 000:787.412   Value=0x00000002
T20B8 000:787.420 - 0.288ms returns 0
T20B8 000:787.427 JLINK_CORESIGHT_ReadAPDPReg(AP reg 0x03)
T20B8 000:787.647   Value=0x00000002
T20B8 000:787.655 - 0.228ms returns 0
T20B8 000:787.662 JLINK_CORESIGHT_ReadAPDPReg(AP reg 0x03)
T20B8 000:787.877   Value=0x00000002
T20B8 000:787.885 - 0.223ms returns 0
T20B8 000:787.892 JLINK_CORESIGHT_ReadAPDPReg(AP reg 0x03)
T20B8 000:788.108   Value=0x00000002
T20B8 000:788.117 - 0.225ms returns 0
T20B8 000:788.124 JLINK_CORESIGHT_ReadAPDPReg(AP reg 0x03)
T20B8 000:788.412   Value=0x00000000
T20B8 000:788.422 - 0.297ms returns 0
T20B8 000:788.429 JLINK_CORESIGHT_WriteAPDPReg(AP reg 0x00, 0x80000002)
T20B8 000:788.602 - 0.173ms returns 0
T20B8 000:788.610 JLINK_CORESIGHT_WriteAPDPReg(AP reg 0x01, 0x80011130)
T20B8 000:788.780 - 0.170ms returns 0
T20B8 000:788.789 JLINK_CORESIGHT_ReadAPDPReg(AP reg 0x03)
T20B8 000:789.012   Value=0x75020081
T20B8 000:789.021 - 0.232ms returns 0
T20B8 000:789.027 JLINK_CORESIGHT_WriteAPDPReg(AP reg 0x00, 0x80000002)
T20B8 000:789.198 - 0.170ms returns 0
T20B8 000:789.221 JLINK_CORESIGHT_WriteAPDPReg(AP reg 0x01, 0x80011140)
T20B8 000:789.411 - 0.190ms returns 0
T20B8 000:789.426 JLINK_CORESIGHT_ReadAPDPReg(AP reg 0x03)
T20B8 000:789.660   Value=0x00000000
T20B8 000:789.668 - 0.242ms returns 0
T20B8 000:789.679 JLINK_CORESIGHT_WriteAPDPReg(AP reg 0x00, 0x80000002)
T20B8 000:789.856 - 0.177ms returns 0
T20B8 000:789.867 JLINK_CORESIGHT_WriteAPDPReg(AP reg 0x01, 0x80011130)
T20B8 000:790.046 - 0.178ms returns 0
T20B8 000:790.058 JLINK_CORESIGHT_ReadAPDPReg(AP reg 0x03)
T20B8 000:790.280   Value=0x00038702
T20B8 000:790.294 - 0.236ms returns 0
T20B8 000:790.679 JLINK_CORESIGHT_WriteAPDPReg(AP reg 0x00, 0x80000002)
T20B8 000:790.882 - 0.203ms returns 0
T20B8 000:790.895 JLINK_CORESIGHT_WriteAPDPReg(AP reg 0x01, 0x80011140)
T20B8 000:791.074 - 0.179ms returns 0
T20B8 000:791.083 JLINK_CORESIGHT_ReadAPDPReg(AP reg 0x03)
T20B8 000:791.302   Value=0x00000002
T20B8 000:791.311 - 0.228ms returns 0
T20B8 000:791.318 JLINK_CORESIGHT_WriteAPDPReg(AP reg 0x00, 0x80000002)
T20B8 000:791.517 - 0.198ms returns 0
T20B8 000:791.527 JLINK_CORESIGHT_WriteAPDPReg(AP reg 0x01, 0x80011120)
T20B8 000:791.706 - 0.178ms returns 0
T20B8 000:791.715 JLINK_CORESIGHT_WriteAPDPReg(AP reg 0x03, 0x4E0B0001)
T20B8 000:791.883 - 0.168ms returns 0
T20B8 000:791.892 JLINK_CORESIGHT_WriteAPDPReg(AP reg 0x00, 0x80000002)
T20B8 000:792.066 - 0.174ms returns 0
T20B8 000:792.077 JLINK_CORESIGHT_WriteAPDPReg(AP reg 0x01, 0x80011140)
T20B8 000:792.255 - 0.178ms returns 0
T20B8 000:792.264 JLINK_CORESIGHT_ReadAPDPReg(AP reg 0x03)
T20B8 000:792.486   Value=0x00000002
T20B8 000:792.494 - 0.230ms returns 0
T20B8 000:792.501 JLINK_CORESIGHT_WriteAPDPReg(AP reg 0x00, 0x80000002)
T20B8 000:792.679 - 0.178ms returns 0
T20B8 000:792.693 JLINK_CORESIGHT_WriteAPDPReg(AP reg 0x01, 0x80011120)
T20B8 000:792.879 - 0.185ms returns 0
T20B8 000:792.888 JLINK_CORESIGHT_WriteAPDPReg(AP reg 0x03, 0x00010000)
T20B8 000:793.062 - 0.174ms returns 0
T20B8 000:793.071 JLINK_CORESIGHT_WriteAPDPReg(AP reg 0x00, 0x80000002)
T20B8 000:793.258 - 0.186ms returns 0
T20B8 000:793.266 JLINK_CORESIGHT_WriteAPDPReg(AP reg 0x01, 0x80011140)
T20B8 000:793.444 - 0.177ms returns 0
T20B8 000:793.452 JLINK_CORESIGHT_ReadAPDPReg(AP reg 0x03)
T20B8 000:793.674   Value=0x00000002
T20B8 000:793.683 - 0.230ms returns 0
T20B8 000:793.689 JLINK_CORESIGHT_WriteAPDPReg(AP reg 0x00, 0x80000002)
T20B8 000:793.872 - 0.182ms returns 0
T20B8 000:793.886 JLINK_CORESIGHT_WriteAPDPReg(AP reg 0x01, 0x80011120)
T20B8 000:794.069 - 0.183ms returns 0
T20B8 000:794.078 JLINK_CORESIGHT_WriteAPDPReg(AP reg 0x03, 0x00000000)
T20B8 000:794.251 - 0.172ms returns 0
T20B8 000:794.259 JLINK_CORESIGHT_WriteAPDPReg(AP reg 0x00, 0x80000002)
T20B8 000:794.431 - 0.171ms returns 0
T20B8 000:794.439 JLINK_CORESIGHT_WriteAPDPReg(AP reg 0x01, 0x80011140)
T20B8 000:794.616 - 0.176ms returns 0
T20B8 000:794.624 JLINK_CORESIGHT_ReadAPDPReg(AP reg 0x03)
T20B8 000:794.851   Value=0x00000002
T20B8 000:794.859 - 0.235ms returns 0
T20B8 000:794.866 JLINK_CORESIGHT_WriteAPDPReg(AP reg 0x00, 0x80000002)
T20B8 000:795.060 - 0.194ms returns 0
T20B8 000:795.074 JLINK_CORESIGHT_WriteAPDPReg(AP reg 0x01, 0x80011120)
T20B8 000:795.260 - 0.186ms returns 0
T20B8 000:795.270 JLINK_CORESIGHT_WriteAPDPReg(AP reg 0x03, 0x03A60000)
T20B8 000:795.443 - 0.173ms returns 0
T20B8 000:795.452 JLINK_CORESIGHT_WriteAPDPReg(AP reg 0x00, 0x80000002)
T20B8 000:795.632 - 0.180ms returns 0
T20B8 000:795.640 JLINK_CORESIGHT_WriteAPDPReg(AP reg 0x01, 0x80011140)
T20B8 000:795.819 - 0.179ms returns 0
T20B8 000:795.828 JLINK_CORESIGHT_ReadAPDPReg(AP reg 0x03)
T20B8 000:796.056   Value=0x00000002
T20B8 000:796.064 - 0.236ms returns 0
T20B8 000:796.071 JLINK_CORESIGHT_ReadAPDPReg(AP reg 0x03)
T20B8 000:796.297   Value=0x00000002
T20B8 000:796.311 - 0.239ms returns 0
T20B8 000:796.321 JLINK_CORESIGHT_ReadAPDPReg(AP reg 0x03)
T20B8 000:796.562   Value=0x00000002
T20B8 000:796.571 - 0.250ms returns 0
T20B8 000:796.578 JLINK_CORESIGHT_ReadAPDPReg(AP reg 0x03)
T20B8 000:796.799   Value=0x00000002
T20B8 000:796.808 - 0.230ms returns 0
T20B8 000:796.814 JLINK_CORESIGHT_ReadAPDPReg(AP reg 0x03)
T20B8 000:797.038   Value=0x00000002
T20B8 000:797.047 - 0.232ms returns 0
T20B8 000:797.054 JLINK_CORESIGHT_ReadAPDPReg(AP reg 0x03)
T20B8 000:797.277   Value=0x00000002
T20B8 000:797.286 - 0.232ms returns 0
T20B8 000:797.292 JLINK_CORESIGHT_ReadAPDPReg(AP reg 0x03)
T20B8 000:797.565   Value=0x00000002
T20B8 000:797.580 - 0.287ms returns 0
T20B8 000:797.590 JLINK_CORESIGHT_ReadAPDPReg(AP reg 0x03)
T20B8 000:797.815   Value=0x00000002
T20B8 000:797.825 - 0.235ms returns 0
T20B8 000:797.831 JLINK_CORESIGHT_ReadAPDPReg(AP reg 0x03)
T20B8 000:798.059   Value=0x00000002
T20B8 000:798.068 - 0.236ms returns 0
T20B8 000:798.074 JLINK_CORESIGHT_ReadAPDPReg(AP reg 0x03)
T20B8 000:798.293   Value=0x00000002
T20B8 000:798.301 - 0.227ms returns 0
T20B8 000:798.308 JLINK_CORESIGHT_ReadAPDPReg(AP reg 0x03)
T20B8 000:798.562   Value=0x00000002
T20B8 000:798.571 - 0.262ms returns 0
T20B8 000:798.577 JLINK_CORESIGHT_ReadAPDPReg(AP reg 0x03)
T20B8 000:798.850   Value=0x00000002
T20B8 000:798.860 - 0.282ms returns 0
T20B8 000:798.866 JLINK_CORESIGHT_ReadAPDPReg(AP reg 0x03)
T20B8 000:799.116   Value=0x00000002
T20B8 000:799.127 - 0.260ms returns 0
T20B8 000:799.134 JLINK_CORESIGHT_ReadAPDPReg(AP reg 0x03)
T20B8 000:799.419   Value=0x00000002
T20B8 000:799.439 - 0.305ms returns 0
T20B8 000:799.448 JLINK_CORESIGHT_ReadAPDPReg(AP reg 0x03)
T20B8 000:799.666   Value=0x00000002
T20B8 000:799.679 - 0.231ms returns 0
T20B8 000:799.686 JLINK_CORESIGHT_ReadAPDPReg(AP reg 0x03)
T20B8 000:799.926   Value=0x00000002
T20B8 000:799.953 - 0.266ms returns 0
T20B8 000:799.964 JLINK_CORESIGHT_ReadAPDPReg(AP reg 0x03)
T20B8 000:800.219   Value=0x00000002
T20B8 000:800.235 - 0.271ms returns 0
T20B8 000:800.243 JLINK_CORESIGHT_ReadAPDPReg(AP reg 0x03)
T20B8 000:800.469   Value=0x00000002
T20B8 000:800.481 - 0.238ms returns 0
T20B8 000:800.489 JLINK_CORESIGHT_ReadAPDPReg(AP reg 0x03)
T20B8 000:800.718   Value=0x00000002
T20B8 000:800.728 - 0.239ms returns 0
T20B8 000:800.734 JLINK_CORESIGHT_ReadAPDPReg(AP reg 0x03)
T20B8 000:800.978   Value=0x00000002
T20B8 000:800.988 - 0.253ms returns 0
T20B8 000:800.994 JLINK_CORESIGHT_ReadAPDPReg(AP reg 0x03)
T20B8 000:801.724   Value=0x00000000
T20B8 000:801.736 - 0.742ms returns 0
T20B8 000:801.744 JLINK_CORESIGHT_WriteAPDPReg(AP reg 0x00, 0x80000002)
T20B8 000:801.945 - 0.200ms returns 0
T20B8 000:801.963 JLINK_CORESIGHT_WriteAPDPReg(AP reg 0x01, 0x80011130)
T20B8 000:802.165 - 0.201ms returns 0
T20B8 000:802.178 JLINK_CORESIGHT_ReadAPDPReg(AP reg 0x03)
T20B8 000:802.414   Value=0x4E0A0081
T20B8 000:802.423 - 0.244ms returns 0
T20B8 000:802.430 JLINK_CORESIGHT_WriteAPDPReg(AP reg 0x00, 0x80000002)
T20B8 000:802.609 - 0.179ms returns 0
T20B8 000:802.618 JLINK_CORESIGHT_WriteAPDPReg(AP reg 0x01, 0x80011140)
T20B8 000:802.791 - 0.173ms returns 0
T20B8 000:802.799 JLINK_CORESIGHT_ReadAPDPReg(AP reg 0x03)
T20B8 000:803.028   Value=0x00000000
T20B8 000:803.036 - 0.237ms returns 0
T20B8 000:803.043 JLINK_CORESIGHT_WriteAPDPReg(AP reg 0x00, 0x80000002)
T20B8 000:803.225 - 0.181ms returns 0
T20B8 000:803.239 JLINK_CORESIGHT_WriteAPDPReg(AP reg 0x01, 0x80011130)
T20B8 000:803.427 - 0.187ms returns 0
T20B8 000:803.436 JLINK_CORESIGHT_ReadAPDPReg(AP reg 0x03)
T20B8 000:803.661   Value=0xFFFFFF00
T20B8 000:803.670 - 0.234ms returns 0
T20B8 000:803.677 JLINK_CORESIGHT_WriteAPDPReg(AP reg 0x00, 0x80000002)
T20B8 000:803.856 - 0.179ms returns 0
T20B8 000:803.865 JLINK_CORESIGHT_WriteAPDPReg(AP reg 0x01, 0x80011140)
T20B8 000:804.044 - 0.178ms returns 0
T20B8 000:804.052 JLINK_CORESIGHT_ReadAPDPReg(AP reg 0x03)
T20B8 000:804.283   Value=0x00000000
T20B8 000:804.292 - 0.240ms returns 0
T20B8 000:804.299 JLINK_CORESIGHT_WriteAPDPReg(AP reg 0x00, 0x80000002)
T20B8 000:804.525 - 0.226ms returns 0
T20B8 000:804.535 JLINK_CORESIGHT_WriteAPDPReg(AP reg 0x01, 0x80011130)
T20B8 000:804.710 - 0.174ms returns 0
T20B8 000:804.719 JLINK_CORESIGHT_ReadAPDPReg(AP reg 0x03)
T20B8 000:804.939   Value=0xFFFFFFFF
T20B8 000:804.947 - 0.228ms returns 0
T20B8 000:804.954 JLINK_CORESIGHT_WriteAPDPReg(AP reg 0x00, 0x80000002)
T20B8 000:805.135 - 0.180ms returns 0
T20B8 000:805.143 JLINK_CORESIGHT_WriteAPDPReg(AP reg 0x01, 0x80011140)
T20B8 000:805.317 - 0.173ms returns 0
T20B8 000:805.325 JLINK_CORESIGHT_ReadAPDPReg(AP reg 0x03)
T20B8 000:805.568   Value=0x00000000
T20B8 000:805.576 - 0.251ms returns 0
T20B8 000:805.583 JLINK_CORESIGHT_WriteAPDPReg(AP reg 0x00, 0x80000002)
T20B8 000:805.767 - 0.183ms returns 0
T20B8 000:805.780 JLINK_CORESIGHT_WriteAPDPReg(AP reg 0x01, 0x80011130)
T20B8 000:805.962 - 0.181ms returns 0
T20B8 000:805.971 JLINK_CORESIGHT_ReadAPDPReg(AP reg 0x03)
T20B8 000:806.199   Value=0x0003B0FF
T20B8 000:806.208 - 0.237ms returns 0
T20B8 000:806.217 JLINK_CORESIGHT_WriteAPDPReg(AP reg 0x00, 0x80000002)
T20B8 000:806.413 - 0.195ms returns 0
T20B8 000:806.422 JLINK_CORESIGHT_WriteAPDPReg(AP reg 0x01, 0x80011140)
T20B8 000:806.595 - 0.173ms returns 0
T20B8 000:806.604 JLINK_CORESIGHT_ReadAPDPReg(AP reg 0x03)
T20B8 000:806.827   Value=0x00000002
T20B8 000:806.841 - 0.237ms returns 0
T20B8 000:806.848 JLINK_CORESIGHT_WriteAPDPReg(AP reg 0x00, 0x80000002)
T20B8 000:807.030 - 0.182ms returns 0
T20B8 000:807.044 JLINK_CORESIGHT_WriteAPDPReg(AP reg 0x01, 0x80011120)
T20B8 000:807.290 - 0.246ms returns 0
T20B8 000:807.302 JLINK_CORESIGHT_WriteAPDPReg(AP reg 0x03, 0x4F010001)
T20B8 000:807.524 - 0.222ms returns 0
T20B8 000:807.533 JLINK_CORESIGHT_WriteAPDPReg(AP reg 0x00, 0x80000002)
T20B8 000:807.705 - 0.172ms returns 0
T20B8 000:807.714 JLINK_CORESIGHT_WriteAPDPReg(AP reg 0x01, 0x80011140)
T20B8 000:807.882 - 0.168ms returns 0
T20B8 000:807.890 JLINK_CORESIGHT_ReadAPDPReg(AP reg 0x03)
T20B8 000:808.124   Value=0x00000002
T20B8 000:808.132 - 0.242ms returns 0
T20B8 000:808.139 JLINK_CORESIGHT_WriteAPDPReg(AP reg 0x00, 0x80000002)
T20B8 000:808.417 - 0.278ms returns 0
T20B8 000:808.426 JLINK_CORESIGHT_WriteAPDPReg(AP reg 0x01, 0x80011120)
T20B8 000:808.615 - 0.188ms returns 0
T20B8 000:808.624 JLINK_CORESIGHT_WriteAPDPReg(AP reg 0x03, 0x000003B0)
T20B8 000:808.793 - 0.169ms returns 0
T20B8 000:808.802 JLINK_CORESIGHT_WriteAPDPReg(AP reg 0x00, 0x80000002)
T20B8 000:808.975 - 0.173ms returns 0
T20B8 000:808.983 JLINK_CORESIGHT_WriteAPDPReg(AP reg 0x01, 0x80011140)
T20B8 000:809.154 - 0.171ms returns 0
T20B8 000:809.163 JLINK_CORESIGHT_ReadAPDPReg(AP reg 0x03)
T20B8 000:809.414   Value=0x00000002
T20B8 000:809.422 - 0.259ms returns 0
T20B8 000:809.429 JLINK_CORESIGHT_ReadAPDPReg(AP reg 0x03)
T20B8 000:809.659   Value=0x00000002
T20B8 000:809.668 - 0.239ms returns 0
T20B8 000:809.675 JLINK_CORESIGHT_ReadAPDPReg(AP reg 0x03)
T20B8 000:809.898   Value=0x00000002
T20B8 000:809.906 - 0.232ms returns 0
T20B8 000:809.913 JLINK_CORESIGHT_ReadAPDPReg(AP reg 0x03)
T20B8 000:810.133   Value=0x00000002
T20B8 000:810.141 - 0.228ms returns 0
T20B8 000:810.148 JLINK_CORESIGHT_ReadAPDPReg(AP reg 0x03)
T20B8 000:810.411   Value=0x00000002
T20B8 000:810.420 - 0.272ms returns 0
T20B8 000:810.426 JLINK_CORESIGHT_ReadAPDPReg(AP reg 0x03)
T20B8 000:810.645   Value=0x00000002
T20B8 000:810.662 - 0.235ms returns 0
T20B8 000:810.673 JLINK_CORESIGHT_ReadAPDPReg(AP reg 0x03)
T20B8 000:810.906   Value=0x00000002
T20B8 000:810.915 - 0.242ms returns 0
T20B8 000:810.922 JLINK_CORESIGHT_ReadAPDPReg(AP reg 0x03)
T20B8 000:811.139   Value=0x00000002
T20B8 000:811.148 - 0.226ms returns 0
T20B8 000:811.154 JLINK_CORESIGHT_ReadAPDPReg(AP reg 0x03)
T20B8 000:811.412   Value=0x00000002
T20B8 000:811.420 - 0.265ms returns 0
T20B8 000:811.426 JLINK_CORESIGHT_ReadAPDPReg(AP reg 0x03)
T20B8 000:811.647   Value=0x00000000
T20B8 000:811.655 - 0.228ms returns 0
T20B8 000:811.662 JLINK_CORESIGHT_WriteAPDPReg(AP reg 0x00, 0x80000002)
T20B8 000:811.844 - 0.182ms returns 0
T20B8 000:811.858 JLINK_CORESIGHT_WriteAPDPReg(AP reg 0x01, 0x80011130)
T20B8 000:812.038 - 0.179ms returns 0
T20B8 000:812.047 JLINK_CORESIGHT_ReadAPDPReg(AP reg 0x03)
T20B8 000:812.272   Value=0x4F0B0081
T20B8 000:812.280 - 0.233ms returns 0
T20B8 000:812.287 JLINK_CORESIGHT_WriteAPDPReg(AP reg 0x00, 0x80000002)
T20B8 000:812.461 - 0.173ms returns 0
T20B8 000:812.469 JLINK_CORESIGHT_WriteAPDPReg(AP reg 0x01, 0x80011140)
T20B8 000:812.653 - 0.183ms returns 0
T20B8 000:812.662 JLINK_CORESIGHT_ReadAPDPReg(AP reg 0x03)
T20B8 000:812.879   Value=0x00000000
T20B8 000:812.888 - 0.225ms returns 0
T20B8 000:812.899 JLINK_CORESIGHT_WriteAPDPReg(AP reg 0x00, 0x80000002)
T20B8 000:813.092 - 0.192ms returns 0
T20B8 000:813.106 JLINK_CORESIGHT_WriteAPDPReg(AP reg 0x01, 0x80011130)
T20B8 000:813.286 - 0.180ms returns 0
T20B8 000:813.295 JLINK_CORESIGHT_ReadAPDPReg(AP reg 0x03)
T20B8 000:813.571   Value=0x00010000
T20B8 000:813.579 - 0.283ms returns 0
T20B8 000:813.586 JLINK_CORESIGHT_WriteAPDPReg(AP reg 0x00, 0x80000002)
T20B8 000:813.763 - 0.177ms returns 0
T20B8 000:813.771 JLINK_CORESIGHT_WriteAPDPReg(AP reg 0x01, 0x80011140)
T20B8 000:813.937 - 0.166ms returns 0
T20B8 000:813.946 JLINK_CORESIGHT_ReadAPDPReg(AP reg 0x03)
T20B8 000:814.174   Value=0x00000000
T20B8 000:814.184 - 0.238ms returns 0
T20B8 000:814.191 JLINK_CORESIGHT_WriteAPDPReg(AP reg 0x00, 0x80000002)
T20B8 000:814.413 - 0.222ms returns 0
T20B8 000:814.423 JLINK_CORESIGHT_WriteAPDPReg(AP reg 0x01, 0x80011130)
T20B8 000:814.602 - 0.179ms returns 0
T20B8 000:814.614 JLINK_CORESIGHT_ReadAPDPReg(AP reg 0x03)
T20B8 000:814.843   Value=0x00000000
T20B8 000:814.851 - 0.237ms returns 0
T20B8 000:814.858 JLINK_CORESIGHT_WriteAPDPReg(AP reg 0x00, 0x80000002)
T20B8 000:815.035 - 0.177ms returns 0
T20B8 000:815.044 JLINK_CORESIGHT_WriteAPDPReg(AP reg 0x01, 0x80011140)
T20B8 000:815.226 - 0.182ms returns 0
T20B8 000:815.235 JLINK_CORESIGHT_ReadAPDPReg(AP reg 0x03)
T20B8 000:815.537   Value=0x00000000
T20B8 000:815.546 - 0.311ms returns 0
T20B8 000:815.553 JLINK_CORESIGHT_WriteAPDPReg(AP reg 0x00, 0x80000002)
T20B8 000:815.746 - 0.192ms returns 0
T20B8 000:815.756 JLINK_CORESIGHT_WriteAPDPReg(AP reg 0x01, 0x80011130)
T20B8 000:815.953 - 0.197ms returns 0
T20B8 000:815.973 JLINK_CORESIGHT_ReadAPDPReg(AP reg 0x03)
T20B8 000:816.210   Value=0x03A50000
T20B8 000:816.228 - 0.255ms returns 0
T20B8 000:816.628 JLINK_CORESIGHT_WriteAPDPReg(AP reg 0x00, 0x80000002)
T20B8 000:816.832 - 0.204ms returns 0
T20B8 000:816.847 JLINK_CORESIGHT_WriteAPDPReg(AP reg 0x01, 0x80011140)
T20B8 000:817.038 - 0.191ms returns 0
T20B8 000:817.057 JLINK_CORESIGHT_ReadAPDPReg(AP reg 0x03)
T20B8 000:817.298   Value=0x00000002
T20B8 000:817.310 - 0.253ms returns 0
T20B8 000:817.318 JLINK_CORESIGHT_WriteAPDPReg(AP reg 0x00, 0x80000002)
T20B8 000:817.521 - 0.203ms returns 0
T20B8 000:817.532 JLINK_CORESIGHT_WriteAPDPReg(AP reg 0x01, 0x80011120)
T20B8 000:817.718 - 0.185ms returns 0
T20B8 000:817.729 JLINK_CORESIGHT_WriteAPDPReg(AP reg 0x03, 0x4F010001)
T20B8 000:817.940 - 0.211ms returns 0
T20B8 000:817.951 JLINK_CORESIGHT_WriteAPDPReg(AP reg 0x00, 0x80000002)
T20B8 000:818.161 - 0.210ms returns 0
T20B8 000:818.174 JLINK_CORESIGHT_WriteAPDPReg(AP reg 0x01, 0x80011140)
T20B8 000:818.431 - 0.256ms returns 0
T20B8 000:818.455 JLINK_CORESIGHT_ReadAPDPReg(AP reg 0x03)
T20B8 000:818.706   Value=0x00000002
T20B8 000:818.716 - 0.261ms returns 0
T20B8 000:818.724 JLINK_CORESIGHT_WriteAPDPReg(AP reg 0x00, 0x80000002)
T20B8 000:818.944 - 0.220ms returns 0
T20B8 000:818.964 JLINK_CORESIGHT_WriteAPDPReg(AP reg 0x01, 0x80011120)
T20B8 000:819.157 - 0.193ms returns 0
T20B8 000:819.172 JLINK_CORESIGHT_WriteAPDPReg(AP reg 0x03, 0x000003B0)
T20B8 000:819.429 - 0.257ms returns 0
T20B8 000:819.450 JLINK_CORESIGHT_WriteAPDPReg(AP reg 0x00, 0x80000002)
T20B8 000:819.693 - 0.243ms returns 0
T20B8 000:819.712 JLINK_CORESIGHT_WriteAPDPReg(AP reg 0x01, 0x80011140)
T20B8 000:819.937 - 0.225ms returns 0
T20B8 000:819.951 JLINK_CORESIGHT_ReadAPDPReg(AP reg 0x03)
T20B8 000:820.231   Value=0x00000002
T20B8 000:820.249 - 0.298ms returns 0
T20B8 000:820.257 JLINK_CORESIGHT_ReadAPDPReg(AP reg 0x03)
T20B8 000:820.499   Value=0x00000002
T20B8 000:820.510 - 0.252ms returns 0
T20B8 000:820.517 JLINK_CORESIGHT_ReadAPDPReg(AP reg 0x03)
T20B8 000:820.763   Value=0x00000000
T20B8 000:820.776 - 0.260ms returns 0
T20B8 000:820.785 JLINK_CORESIGHT_WriteAPDPReg(AP reg 0x00, 0x80000002)
T20B8 000:821.009 - 0.224ms returns 0
T20B8 000:821.028 JLINK_CORESIGHT_WriteAPDPReg(AP reg 0x01, 0x80011130)
T20B8 000:821.259 - 0.230ms returns 0
T20B8 000:821.285 JLINK_CORESIGHT_ReadAPDPReg(AP reg 0x03)
T20B8 000:821.574   Value=0x4F0B0081
T20B8 000:821.587 - 0.303ms returns 0
T20B8 000:821.595 JLINK_CORESIGHT_WriteAPDPReg(AP reg 0x00, 0x80000002)
T20B8 000:821.775 - 0.179ms returns 0
T20B8 000:821.784 JLINK_CORESIGHT_WriteAPDPReg(AP reg 0x01, 0x80011140)
T20B8 000:821.965 - 0.181ms returns 0
T20B8 000:821.976 JLINK_CORESIGHT_ReadAPDPReg(AP reg 0x03)
T20B8 000:822.205   Value=0x00000000
T20B8 000:822.214 - 0.238ms returns 0
T20B8 000:822.221 JLINK_CORESIGHT_WriteAPDPReg(AP reg 0x00, 0x80000002)
T20B8 000:822.411 - 0.190ms returns 0
T20B8 000:822.422 JLINK_CORESIGHT_WriteAPDPReg(AP reg 0x01, 0x80011130)
T20B8 000:822.594 - 0.171ms returns 0
T20B8 000:822.606 JLINK_CORESIGHT_ReadAPDPReg(AP reg 0x03)
T20B8 000:822.838   Value=0x00010000
T20B8 000:822.850 - 0.243ms returns 0
T20B8 000:822.858 JLINK_CORESIGHT_WriteAPDPReg(AP reg 0x00, 0x80000002)
T20B8 000:823.036 - 0.177ms returns 0
T20B8 000:823.052 JLINK_CORESIGHT_WriteAPDPReg(AP reg 0x01, 0x80011140)
T20B8 000:823.234 - 0.181ms returns 0
T20B8 000:823.245 JLINK_CORESIGHT_ReadAPDPReg(AP reg 0x03)
T20B8 000:823.480   Value=0x00000000
T20B8 000:823.496 - 0.251ms returns 0
T20B8 000:823.507 JLINK_CORESIGHT_WriteAPDPReg(AP reg 0x00, 0x80000002)
T20B8 000:823.713 - 0.205ms returns 0
T20B8 000:823.729 JLINK_CORESIGHT_WriteAPDPReg(AP reg 0x01, 0x80011130)
T20B8 000:823.915 - 0.186ms returns 0
T20B8 000:823.925 JLINK_CORESIGHT_ReadAPDPReg(AP reg 0x03)
T20B8 000:824.189   Value=0x00000000
T20B8 000:824.199 - 0.274ms returns 0
T20B8 000:824.207 JLINK_CORESIGHT_WriteAPDPReg(AP reg 0x00, 0x80000002)
T20B8 000:824.414 - 0.207ms returns 0
T20B8 000:824.425 JLINK_CORESIGHT_WriteAPDPReg(AP reg 0x01, 0x80011140)
T20B8 000:824.604 - 0.179ms returns 0
T20B8 000:824.615 JLINK_CORESIGHT_ReadAPDPReg(AP reg 0x03)
T20B8 000:824.851   Value=0x00000000
T20B8 000:824.862 - 0.246ms returns 0
T20B8 000:824.870 JLINK_CORESIGHT_WriteAPDPReg(AP reg 0x00, 0x80000002)
T20B8 000:825.051 - 0.181ms returns 0
T20B8 000:825.061 JLINK_CORESIGHT_WriteAPDPReg(AP reg 0x01, 0x80011130)
T20B8 000:825.242 - 0.181ms returns 0
T20B8 000:825.252 JLINK_CORESIGHT_ReadAPDPReg(AP reg 0x03)
T20B8 000:825.481   Value=0x03A50000
T20B8 000:825.492 - 0.239ms returns 0
T20B8 000:825.507 JLINK_CORESIGHT_ReadAPDPReg(DP reg 0x01)
T20B8 000:825.683   Value=0xF0000F40
T20B8 000:825.693 - 0.186ms returns 0
T20B8 000:825.699 JLINK_CORESIGHT_WriteAPDPReg(DP reg 0x01, 0xA0000F40)
T20B8 000:825.872 - 0.172ms returns 0
T20B8 000:825.883 JLINK_CORESIGHT_ReadAPDPReg(DP reg 0x01)
T20B8 000:826.075   Value=0x00000F40
T20B8 000:826.086 - 0.203ms returns 0
T20B8 000:826.093 JLINK_ClrRESET()
T20B8 000:826.239 - 0.145ms 
T20B8 000:932.850 JLINK_Close()
T20B8 000:945.653 - 12.801ms
T20B8 000:945.703   
T20B8 000:945.711   Closed
