2026-09-29 20:01:28,844 [INFO] (check_requirements.py #28, load_requirements): 📥 Downloading requirements from https://Tool-support.renesas.com/tool-support/Zoo/MCT/requirements.txt
2026-09-29 20:01:28,847 [DEBUG] (connectionpool.py #1081, _new_conn): Starting new HTTPS connection (1): tool-support.renesas.com:443
2026-09-29 20:01:29,141 [DEBUG] (connectionpool.py #550, _make_request): https://tool-support.renesas.com:443 "GET /tool-support/Zoo/MCT/requirements.txt HTTP/1.1" 200 None
2026-09-29 20:01:29,144 [INFO] (check_requirements.py #51, _handle_http_requirement): mera_native_runtime: INSTALLED (2.7.1+pkg.6102)
2026-09-29 20:01:29,145 [INFO] (check_requirements.py #51, _handle_http_requirement): mera_native_compile: INSTALLED (2.7.1+pkg.6102)
2026-09-29 20:01:29,145 [INFO] (check_requirements.py #51, _handle_http_requirement): mera: INSTALLED (2.7.1+pkg.6102)
2026-09-29 20:01:29,146 [INFO] (check_requirements.py #51, _handle_http_requirement): mera_visualizer: INSTALLED (2.5.0+mcuv4)
2026-09-29 20:01:29,147 [INFO] (check_requirements.py #71, _handle_pypi_requirement): onnx==1.17.0: OK
2026-09-29 20:01:29,148 [INFO] (check_requirements.py #71, _handle_pypi_requirement): tflite==2.18.0: OK
[INFO] Success to execute the command
Exit code: 0
CMD:[C:/Users/skull/e2_studio/workspace/.metadata/.plugins/com.renesas.ai.translator/py.bat C:/Users/skull/e2_studio/workspace/neural_flow/.settings/.plugin/com.renesas.ai.translator/renesas_aicompiler_caller/cli.py comm get_model_info --framework tflite --input_model C:\Users\skull\Downloads\models\200wala.tflite --output_shape_dict_jsonpath C:/Users/skull/e2_studio/workspace/neural_flow/classifier/conversion_tool_settings/200wala.tflite_input_shape.json --output_model_info_jsonpath C:/Users/skull/e2_studio/workspace/neural_flow/classifier/conversion_tool_settings/200wala.tflite_model_info.json --accelerator_type ethos-u55 ]
2026-09-29 20:01:41,248 [INFO] (environment_check.py #360, check_ruhmi_environment): Checking RUHMI environment ...
2026-09-29 20:01:41,401 [INFO] (environment_check.py #248, _check_python_deps_for_ruhmi): mera version 2.7.1+pkg.6102 released on 2026-08-07
2026-09-29 20:01:41,405 [INFO] (environment_check.py #234, _check_python_package_and_version): 'mera' version 2.7.1+pkg.6102 is installed.
2026-09-29 20:01:41,406 [INFO] (environment_check.py #234, _check_python_package_and_version): 'ethos-u-vela' version 5.1.0 is installed.
2026-09-29 20:01:41,407 [INFO] (environment_check.py #234, _check_python_package_and_version): 'tflite' version 2.18.0 is installed.
2026-09-29 20:01:41,407 [INFO] (environment_check.py #234, _check_python_package_and_version): 'onnx' version 1.17.0 is installed.
2026-09-29 20:01:41,408 [INFO] (environment_check.py #234, _check_python_package_and_version): 'typing_extensions' version 4.16.0 is installed.
2026-09-29 20:01:41,409 [INFO] (environment_check.py #234, _check_python_package_and_version): 'mera-visualizer' version 2.5.0+mcuv4 is installed.
2026-09-29 20:01:41,409 [INFO] (get_model_info.py #533, main): Environment check passed.
2026-09-29 20:01:41,409 [INFO] (get_model_info.py #538, main): [Parsing input model node start...]
2026-09-29 20:01:41,410 [INFO] (get_model_info.py #424, make_shape_dict_from_model): Make shape_dict from model.
2026-09-29 20:01:41,596 [INFO] (get_model_info.py #380, get_tflite_shape_dict): tflite_shape_dict: {'sensor_features': (np.int32(1), np.int32(206))}
2026-09-29 20:01:41,597 [INFO] (get_model_info.py #386, get_tflite_shape_dict): shape_dict: {'sensor_features': [1, 206]}
2026-09-29 20:01:41.670723: I tensorflow/core/util/port.cc:153] oneDNN custom operations are on. You may see slightly different numerical results due to floating-point round-off errors from different computation orders. To turn them off, set the environment variable `TF_ENABLE_ONEDNN_OPTS=0`.
2026-09-29 20:01:42.576572: I tensorflow/core/util/port.cc:153] oneDNN custom operations are on. You may see slightly different numerical results due to floating-point round-off errors from different computation orders. To turn them off, set the environment variable `TF_ENABLE_ONEDNN_OPTS=0`.
2026-09-29 20:01:42,695 [DEBUG] (tpu_cluster_resolver.py #34, <module>): Falling back to TensorFlow client; we recommended you install the Cloud TPU client directly with pip install cloud-tpu-client.
2026-09-29 20:01:43,075 [DEBUG] (__init__.py #47, <module>): Creating converter from 7 to 5
2026-09-29 20:01:43,075 [DEBUG] (__init__.py #47, <module>): Creating converter from 5 to 7
2026-09-29 20:01:43,075 [DEBUG] (__init__.py #47, <module>): Creating converter from 7 to 5
2026-09-29 20:01:43,075 [DEBUG] (__init__.py #47, <module>): Creating converter from 5 to 7
2026-09-29 20:01:43,990 [DEBUG] (__init__.py #342, wrapper): matplotlib data path: C:\Users\skull\AppData\Local\Temp\ruhmi\.venv\lib\site-packages\matplotlib\mpl-data
2026-09-29 20:01:44,000 [DEBUG] (__init__.py #342, wrapper): CONFIGDIR=C:\Users\skull\.matplotlib
2026-09-29 20:01:44,000 [DEBUG] (__init__.py #1560, <module>): interactive is False
2026-09-29 20:01:44,000 [DEBUG] (__init__.py #1561, <module>): platform is win32
2026-09-29 20:01:44,026 [DEBUG] (__init__.py #342, wrapper): CACHEDIR=C:\Users\skull\.matplotlib
2026-09-29 20:01:44,028 [DEBUG] (font_manager.py #1635, _load_fontmanager): Using fontManager instance from C:\Users\skull\.matplotlib\fontlist-v390.json
INFO: Created TensorFlow Lite XNNPACK delegate for CPU.
2026-09-29 20:01:44,385 [INFO] (get_model_info.py #223, is_tflite_quantized): === Input Details ===
2026-09-29 20:01:44,385 [INFO] (get_model_info.py #225, is_tflite_quantized): Input tensor 0:
2026-09-29 20:01:44,385 [INFO] (get_model_info.py #226, is_tflite_quantized):   name: sensor_features
2026-09-29 20:01:44,385 [INFO] (get_model_info.py #227, is_tflite_quantized):   index: 0
2026-09-29 20:01:44,385 [INFO] (get_model_info.py #228, is_tflite_quantized):   shape: [  1 206]
2026-09-29 20:01:44,385 [INFO] (get_model_info.py #229, is_tflite_quantized):   dtype: <class 'numpy.float32'>
2026-09-29 20:01:44,385 [INFO] (get_model_info.py #231, is_tflite_quantized):   quantization (deprecated)_soon): (0.0, 0)
2026-09-29 20:01:44,386 [INFO] (get_model_info.py #232, is_tflite_quantized):   quantization_parameters: {'scales': array([], dtype=float32), 'zero_points': array([], dtype=int32), 'quantized_dimension': 0}
2026-09-29 20:01:44,386 [INFO] (get_model_info.py #233, is_tflite_quantized):   sparsity_parameters: {}
2026-09-29 20:01:44,386 [INFO] (get_model_info.py #235, is_tflite_quantized): === Output Details ===
2026-09-29 20:01:44,386 [INFO] (get_model_info.py #237, is_tflite_quantized): Output tensor 0:
2026-09-29 20:01:44,386 [INFO] (get_model_info.py #238, is_tflite_quantized):   name: cls_xi_kappa
2026-09-29 20:01:44,386 [INFO] (get_model_info.py #239, is_tflite_quantized):   index: 33
2026-09-29 20:01:44,386 [INFO] (get_model_info.py #240, is_tflite_quantized):   shape: [1 6]
2026-09-29 20:01:44,386 [INFO] (get_model_info.py #241, is_tflite_quantized):   dtype: <class 'numpy.float32'>
2026-09-29 20:01:44,386 [INFO] (get_model_info.py #243, is_tflite_quantized):   quantization (deprecated_soon): (0.0, 0)
2026-09-29 20:01:44,386 [INFO] (get_model_info.py #244, is_tflite_quantized):   quantization_parameters: {'scales': array([], dtype=float32), 'zero_points': array([], dtype=int32), 'quantized_dimension': 0}
2026-09-29 20:01:44,386 [INFO] (get_model_info.py #245, is_tflite_quantized):   sparsity_parameters: {}
2026-09-29 20:01:44,387 [INFO] (get_model_info.py #506, write_dict2json): Write dictionary to json file.
2026-09-29 20:01:44,387 [INFO] (get_model_info.py #506, write_dict2json): Write dictionary to json file.
2026-09-29 20:01:44,388 [INFO] (get_model_info.py #552, main): [Parsing input model node finished]
Variable container does not have anything...
[INFO] Success to execute the command
CMD:[C:/Users/skull/e2_studio/workspace/.metadata/.plugins/com.renesas.ai.translator/py.bat C:/Users/skull/e2_studio/workspace/neural_flow/.settings/.plugin/com.renesas.ai.translator/renesas_aicompiler_caller/cli.py ruhmi deploy --framework tflite --input_model C:\Users\skull\Downloads\models\200wala.tflite --output_dir C:/Users/skull/e2_studio/workspace/neural_flow/classifier/converted --weight_loc 0 --use_only_cpu --mera_options  --vela_options  --shape_dict_json C:/Users/skull/e2_studio/workspace/neural_flow/classifier/conversion_tool_settings/200wala.tflite_input_shape.json ]
2026-09-29 20:01:48,983 [INFO] (environment_check.py #360, check_ruhmi_environment): Checking RUHMI environment ...
2026-09-29 20:01:48,984 [INFO] (environment_check.py #248, _check_python_deps_for_ruhmi): mera version 2.7.1+pkg.6102 released on 2026-08-07
2026-09-29 20:01:48,988 [INFO] (environment_check.py #234, _check_python_package_and_version): 'mera' version 2.7.1+pkg.6102 is installed.
2026-09-29 20:01:48,989 [INFO] (environment_check.py #234, _check_python_package_and_version): 'ethos-u-vela' version 5.1.0 is installed.
2026-09-29 20:01:48,989 [INFO] (environment_check.py #234, _check_python_package_and_version): 'tflite' version 2.18.0 is installed.
2026-09-29 20:01:48,990 [INFO] (environment_check.py #234, _check_python_package_and_version): 'onnx' version 1.17.0 is installed.
2026-09-29 20:01:48,991 [INFO] (environment_check.py #234, _check_python_package_and_version): 'typing_extensions' version 4.16.0 is installed.
2026-09-29 20:01:48,991 [INFO] (environment_check.py #234, _check_python_package_and_version): 'mera-visualizer' version 2.5.0+mcuv4 is installed.
2026-09-29 20:01:48,994 [INFO] (deploy_model.py #337, main): Arguments: Namespace(framework='tflite', input_model='C:\\Users\\skull\\Downloads\\models\\200wala.tflite', output_dir='C:/Users/skull/e2_studio/workspace/neural_flow/classifier/converted', shape_dict_json='C:/Users/skull/e2_studio/workspace/neural_flow/classifier/conversion_tool_settings/200wala.tflite_input_shape.json', optimization_mode=0, memory_mode=0, use_only_cpu=True, weight_loc=0, ethos_configuration_filepath=None, mera_options='', vela_options='')
2026-09-29 20:01:48,994 [INFO] (deploy_model.py #338, main): Mera options: Namespace(target='mcu', enable_ospi=False, enable_ref_data=True, suffix='', use_x86=False, args=[])
2026-09-29 20:01:48,994 [INFO] (deploy_model.py #339, main): Vela options: Namespace(sys_config='RA8P1', accel_config='ethos-u55-256', verbose_all=False, args=[])
Variable container does not have anything...
2026-09-29 20:01:48,995 [INFO] (deploy_model.py #363, main): Targeting MCU on ALT1 
2026-09-29 20:01:48,995 [INFO] (deploy_model.py #295, compile_mera): 
Deploying MERA model ...
2026-09-29 20:01:49,007 [DEBUG] (deploy_project.py #241, pushd): (pushd) Running in model
2026-09-29 20:01:49,008 [DEBUG] (utils.py #25, cmd): Running command 'C:\Users\skull\AppData\Local\Temp\ruhmi\.venv\Lib\site-packages\mera\bin_utils\fe_tflite_cli.exe --io_desc_input C:\Users\skull\Downloads\models\200wala.tflite --io_desc_result C:\Users\skull\AppData\Local\Temp\tmpcv0e_jyu\tempfile'
2026-09-29 20:01:49,041 [DEBUG] (deploy_project.py #208, save_artifact): Saved json artifact 'input_desc.json' into C:\Users\skull\e2_studio\workspace\neural_flow\classifier\converted\model
2026-09-29 20:01:49,041 [DEBUG] (deploy_project.py #248, popd): (popd) cwd is now C:\Users\skull\e2_studio\workspace\neural_flow\classifier\converted
2026-09-29 20:01:49,041 [INFO] (deploy.py #362, deploy):  *** mera v2.7.1+pkg.6102 ***
2026-09-29 20:01:49,041 [INFO] (deploy.py #363, deploy): Starting deployment of model '200wala'...
2026-09-29 20:01:49,041 [DEBUG] (deploy_project.py #241, pushd): (pushd) Running in build
2026-09-29 20:01:49,042 [DEBUG] (deploy_project.py #241, pushd): (pushd) Running in MCU
2026-09-29 20:01:49,043 [DEBUG] (deploy_project.py #208, save_artifact): Saved json artifact 'deploy_cfg.json' into C:\Users\skull\e2_studio\workspace\neural_flow\classifier\converted\build\MCU
2026-09-29 20:01:49,043 [DEBUG] (utils.py #25, cmd): Running command 'C:\Users\skull\AppData\Local\Temp\ruhmi\.venv\Lib\site-packages\mera\bin_utils\fe_tflite_cli.exe C:\Users\skull\e2_studio\workspace\neural_flow\classifier\converted\build\MCU\deploy_cfg.json'
2026-09-29 20:01:49,111 [DEBUG] (deploy_project.py #241, pushd): (pushd) Running in model
2026-09-29 20:01:49,112 [DEBUG] (deploy_project.py #208, save_artifact): Saved json artifact 'input_desc.json' into C:\Users\skull\e2_studio\workspace\neural_flow\classifier\converted\model
2026-09-29 20:01:49,112 [DEBUG] (deploy_project.py #248, popd): (popd) cwd is now C:\Users\skull\e2_studio\workspace\neural_flow\classifier\converted\build\MCU
2026-09-29 20:01:49,117 [DEBUG] (utils.py #25, cmd): Running command 'C:\Users\skull\AppData\Local\Temp\ruhmi\.venv\Lib\site-packages\mera\bin_utils\ccodegen\c_codegen C:\Users\skull\e2_studio\workspace\neural_flow\classifier\converted\build\MCU\compilation C:\Users\skull\e2_studio\workspace\neural_flow\classifier\converted\build\MCU\compilation\src  '
2026-09-29 20:01:49,144 [DEBUG] (utils.py #25, cmd): Running command 'C:\Users\skull\AppData\Local\Temp\ruhmi\.venv\Lib\site-packages\mera\bin_utils\ccodegen\c_codegen C:\Users\skull\e2_studio\workspace\neural_flow\classifier\converted\build\MCU\compilation\sub_0000__CPU_C_CODEGEN\model.merair C:\Users\skull\AppData\Local\Temp\ruhmi\.venv\Lib\site-packages\mera\bin_utils\ccodegen\templates C:\Users\skull\AppData\Local\Temp\ruhmi\.venv\Lib\site-packages\mera\bin_utils\ccodegen\kernel_library sub_0000 C:\Users\skull\e2_studio\workspace\neural_flow\classifier\converted\build\MCU\compilation\src flash   '
2026-09-29 20:01:49,248 [DEBUG] (utils.py #25, cmd): Running command 'C:\Users\skull\AppData\Local\Temp\ruhmi\.venv\Lib\site-packages\mera\bin_utils\ccodegen\tflite_io_data C:\Users\skull\e2_studio\workspace\neural_flow\classifier\converted\build\MCU\deploy_cfg.json'
2026-09-29 20:01:49,280 [INFO] (deploy_model.py #380, main): SUCCESS, saved at C:/Users/skull/e2_studio/workspace/neural_flow/classifier/converted
[2026-09-29 20:01:49.073] [info] Loading and converting TFLite model ... 
[2026-09-29 20:01:49.074] [info] TFLite Model Version: 3
[2026-09-29 20:01:49.078] [info] Converting to canonical ...
[2026-09-29 20:01:49.085] [info] Converting to target IR ...
[2026-09-29 20:01:49.089] [info] Dividing and exporting regions ...
[2026-09-29 20:01:49.092] [info] Ethos-U support is disabled, sending the whole graph to the C99/CMSIS-NN codegen
[2026-09-29 20:01:49.092] [info] Model is fully captured to target C_CODEGEN
Loaded MERA IR
Success
[INFO] Success to execute the command
